Archive member included because of file (symbol)

/home/sew/workspace_v10/msp430_MSP-EXP430F5529LP_Wire/Debug/libmsp430_MSP-EXP430F5529LP_Wire.a(Wire.o)
                              ./Satellitt Design ADCS.o (_ZN7TwoWire4readEv)
/home/sew/workspace_v10/msp430_MSP-EXP430F5529LP_Wire/Debug/libmsp430_MSP-EXP430F5529LP_Wire.a(twi.o)
                              /home/sew/workspace_v10/msp430_MSP-EXP430F5529LP_Wire/Debug/libmsp430_MSP-EXP430F5529LP_Wire.a(Wire.o) (twi_setModule)
/home/sew/workspace_v10/msp430_MSP-EXP430F5529LP_core/Debug/libmsp430_MSP-EXP430F5529LP_core.a(usci_isr_handler.o)
                              /home/sew/workspace_v10/msp430_MSP-EXP430F5529LP_Wire/Debug/libmsp430_MSP-EXP430F5529LP_Wire.a(twi.o) (usci_isr_install)
/home/sew/workspace_v10/msp430_MSP-EXP430F5529LP_core/Debug/libmsp430_MSP-EXP430F5529LP_core.a(wiring.o)
                              ./Satellitt Design ADCS.o (millis)
/home/sew/workspace_v10/msp430_MSP-EXP430F5529LP_core/Debug/libmsp430_MSP-EXP430F5529LP_core.a(wiring_analog.o)
                              ./Satellitt Design ADCS.o (analogWrite)
/home/sew/workspace_v10/msp430_MSP-EXP430F5529LP_core/Debug/libmsp430_MSP-EXP430F5529LP_core.a(wiring_digital.o)
                              ./Satellitt Design ADCS.o (pinMode)
/home/sew/workspace_v10/msp430_MSP-EXP430F5529LP_core/Debug/libmsp430_MSP-EXP430F5529LP_core.a(HardwareSerial.o)
                              ./Satellitt Design ADCS.o (_ZN14HardwareSerial9availableEv)
/home/sew/workspace_v10/msp430_MSP-EXP430F5529LP_core/Debug/libmsp430_MSP-EXP430F5529LP_core.a(main.o)
                              (main)
/home/sew/workspace_v10/msp430_MSP-EXP430F5529LP_core/Debug/libmsp430_MSP-EXP430F5529LP_core.a(new.o)
                              /home/sew/workspace_v10/msp430_MSP-EXP430F5529LP_Wire/Debug/libmsp430_MSP-EXP430F5529LP_Wire.a(Wire.o) (__cxa_pure_virtual)
/home/sew/workspace_v10/msp430_MSP-EXP430F5529LP_core/Debug/libmsp430_MSP-EXP430F5529LP_core.a(Print.o)
                              /home/sew/workspace_v10/msp430_MSP-EXP430F5529LP_Wire/Debug/libmsp430_MSP-EXP430F5529LP_Wire.a(Wire.o) (_ZN5Print5writeEPKhj)
/home/sew/workspace_v10/msp430_MSP-EXP430F5529LP_core/Debug/libmsp430_MSP-EXP430F5529LP_core.a(WString.o)
                              ./Satellitt Design ADCS.o (_ZN6StringD2Ev)
/home/sew/workspace_v10/msp430_MSP-EXP430F5529LP_core/Debug/libmsp430_MSP-EXP430F5529LP_core.a(atof.o)
                              /home/sew/workspace_v10/msp430_MSP-EXP430F5529LP_core/Debug/libmsp430_MSP-EXP430F5529LP_core.a(WString.o) (atof)
/home/sew/workspace_v10/msp430_MSP-EXP430F5529LP_core/Debug/libmsp430_MSP-EXP430F5529LP_core.a(dtostrf.o)
                              /home/sew/workspace_v10/msp430_MSP-EXP430F5529LP_core/Debug/libmsp430_MSP-EXP430F5529LP_core.a(WString.o) (dtostrf)
/home/sew/workspace_v10/msp430_MSP-EXP430F5529LP_core/Debug/libmsp430_MSP-EXP430F5529LP_core.a(itoa.o)
                              /home/sew/workspace_v10/msp430_MSP-EXP430F5529LP_core/Debug/libmsp430_MSP-EXP430F5529LP_core.a(WString.o) (ltoa)
/home/sew/Documents/energia-1.8.10E23/hardware/tools/msp430/bin/../lib/gcc/msp430/4.6.3/../../../../msp430/lib/mcpu-430x/mmpy-16/libm.a(ef_atan2.o)
                              ./Satellitt Design ADCS.o (atan2)
/home/sew/Documents/energia-1.8.10E23/hardware/tools/msp430/bin/../lib/gcc/msp430/4.6.3/../../../../msp430/lib/mcpu-430x/mmpy-16/libm.a(sf_atan.o)
                              /home/sew/Documents/energia-1.8.10E23/hardware/tools/msp430/bin/../lib/gcc/msp430/4.6.3/../../../../msp430/lib/mcpu-430x/mmpy-16/libm.a(ef_atan2.o) (atanf)
/home/sew/Documents/energia-1.8.10E23/hardware/tools/msp430/bin/../lib/gcc/msp430/4.6.3/../../../../msp430/lib/mcpu-430x/mmpy-16/libm.a(ef_pow.o)
                              /home/sew/workspace_v10/msp430_MSP-EXP430F5529LP_core/Debug/libmsp430_MSP-EXP430F5529LP_core.a(dtostrf.o) (powf)
/home/sew/Documents/energia-1.8.10E23/hardware/tools/msp430/bin/../lib/gcc/msp430/4.6.3/../../../../msp430/lib/mcpu-430x/mmpy-16/libm.a(sf_scalbn.o)
                              /home/sew/Documents/energia-1.8.10E23/hardware/tools/msp430/bin/../lib/gcc/msp430/4.6.3/../../../../msp430/lib/mcpu-430x/mmpy-16/libm.a(ef_pow.o) (scalbnf)
/home/sew/Documents/energia-1.8.10E23/hardware/tools/msp430/bin/../lib/gcc/msp430/4.6.3/../../../../msp430/lib/mcpu-430x/mmpy-16/libm.a(ef_sqrt.o)
                              /home/sew/Documents/energia-1.8.10E23/hardware/tools/msp430/bin/../lib/gcc/msp430/4.6.3/../../../../msp430/lib/mcpu-430x/mmpy-16/libm.a(ef_pow.o) (__ieee754_sqrtf)
/home/sew/Documents/energia-1.8.10E23/hardware/tools/msp430/bin/../lib/gcc/msp430/4.6.3/mcpu-430x/mmpy-16/libgcc.a(_udivmod16.o)
                              /home/sew/workspace_v10/msp430_MSP-EXP430F5529LP_core/Debug/libmsp430_MSP-EXP430F5529LP_core.a(wiring.o) (__udivhi3)
/home/sew/Documents/energia-1.8.10E23/hardware/tools/msp430/bin/../lib/gcc/msp430/4.6.3/mcpu-430x/mmpy-16/libgcc.a(_udivmod32.o)
[...]
Memory Configuration

Name             Origin             Length             Attributes
sfr              0x0000000000000000 0x0000000000000010
peripheral_8bit  0x0000000000000010 0x00000000000000f0
peripheral_16bit 0x0000000000000100 0x0000000000000100
bsl              0x0000000000001000 0x0000000000000800
infomem          0x0000000000001800 0x0000000000000200
infod            0x0000000000001800 0x0000000000000080
infoc            0x0000000000001880 0x0000000000000080
infob            0x0000000000001900 0x0000000000000080
infoa            0x0000000000001980 0x0000000000000080
usbram           0x0000000000001c00 0x0000000000000800 xw
ram              0x0000000000002400 0x0000000000002000 xw
rom              0x0000000000004400 0x000000000000bb80 xr
vectors          0x000000000000ff80 0x0000000000000080
far_rom          0x0000000000010000 0x0000000000014400
ram2             0x0000000000000000 0x0000000000000000 xw
ram_mirror       0x0000000000000000 0x0000000000000000 xw
signature        0x0000000000000000 0x0000000000000000
tinyram          0x0000000000000000 0x0000000000000000 xw
*default*        0x0000000000000000 0xffffffffffffffff

Linker script and memory map

LOAD /home/sew/Documents/energia-1.8.10E23/hardware/tools/msp430/bin/../lib/gcc/msp430/4.6.3/mcpu-430x/mmpy-16/crt0ivtbl64.o
LOAD ./Satellitt Design ADCS.o
START GROUP
LOAD /home/sew/workspace_v10/msp430_MSP-EXP430F5529LP_Wire/Debug/libmsp430_MSP-EXP430F5529LP_Wire.a
LOAD /home/sew/workspace_v10/msp430_MSP-EXP430F5529LP_core/Debug/libmsp430_MSP-EXP430F5529LP_core.a
LOAD /home/sew/Documents/energia-1.8.10E23/hardware/tools/msp430/bin/../lib/gcc/msp430/4.6.3/../../../../msp430/lib/mcpu-430x/mmpy-16/libm.a
END GROUP
LOAD /home/sew/Documents/energia-1.8.10E23/hardware/tools/msp430/bin/../lib/gcc/msp430/4.6.3/mcpu-430x/mmpy-16/libgcc.a
LOAD /home/sew/Documents/energia-1.8.10E23/hardware/tools/msp430/bin/../lib/gcc/msp430/4.6.3/../../../../msp430/lib/mcpu-430x/mmpy-16/libc.a
LOAD /home/sew/Documents/energia-1.8.10E23/hardware/tools/msp430/bin/../lib/gcc/msp430/4.6.3/mcpu-430x/mmpy-16/libgcc.a
LOAD /home/sew/Documents/energia-1.8.10E23/hardware/tools/msp430/bin/../lib/gcc/msp430/4.6.3/mcpu-430x/mmpy-16/libcrt0.a
                0x0000000000000080                PROVIDE (__info_segment_size, 0x80)
                0x0000000000001800                PROVIDE (__infod, 0x1800)
                0x0000000000001880                PROVIDE (__infoc, 0x1880)
                0x0000000000001900                PROVIDE (__infob, 0x1900)
                0x0000000000001980                PROVIDE (__infoa, 0x1980)
                0x0000000000000700                __ADC12CTL0_L = 0x700
                0x0000000000000701                __ADC12CTL0_H = 0x701
                0x0000000000000700                __ADC12CTL0 = 0x700
                0x0000000000000702                __ADC12CTL1_L = 0x702
                0x0000000000000703                __ADC12CTL1_H = 0x703
                0x0000000000000702                __ADC12CTL1 = 0x702
                0x0000000000000704                __ADC12CTL2_L = 0x704
                0x0000000000000705                __ADC12CTL2_H = 0x705
                0x0000000000000704                __ADC12CTL2 = 0x704
                0x000000000000070a                __ADC12IFG_L = 0x70a
                0x000000000000070b                __ADC12IFG_H = 0x70b
                0x000000000000070a                __ADC12IFG = 0x70a
                0x000000000000070c                __ADC12IE_L = 0x70c
                0x000000000000070d                __ADC12IE_H = 0x70d
                0x000000000000070c                __ADC12IE = 0x70c
                0x000000000000070e                __ADC12IV_L = 0x70e
                0x000000000000070f                __ADC12IV_H = 0x70f
                0x000000000000070e                __ADC12IV = 0x70e
                0x0000000000000720                __ADC12MEM0_L = 0x720
                0x0000000000000721                __ADC12MEM0_H = 0x721
                0x0000000000000720                __ADC12MEM0 = 0x720
                0x0000000000000722                __ADC12MEM1_L = 0x722
                0x0000000000000723                __ADC12MEM1_H = 0x723
                0x0000000000000722                __ADC12MEM1 = 0x722
                0x0000000000000724                __ADC12MEM2_L = 0x724
                0x0000000000000725                __ADC12MEM2_H = 0x725
                0x0000000000000724                __ADC12MEM2 = 0x724
                0x0000000000000726                __ADC12MEM3_L = 0x726
                0x0000000000000727                __ADC12MEM3_H = 0x727
                0x0000000000000726                __ADC12MEM3 = 0x726
                0x0000000000000728                __ADC12MEM4_L = 0x728
                0x0000000000000729                __ADC12MEM4_H = 0x729
                0x0000000000000728                __ADC12MEM4 = 0x728
                0x000000000000072a                __ADC12MEM5_L = 0x72a
                0x000000000000072b                __ADC12MEM5_H = 0x72b
                0x000000000000072a                __ADC12MEM5 = 0x72a
                0x000000000000072c                __ADC12MEM6_L = 0x72c
                0x000000000000072d                __ADC12MEM6_H = 0x72d
                0x000000000000072c                __ADC12MEM6 = 0x72c
                0x000000000000072e                __ADC12MEM7_L = 0x72e
                0x000000000000072f                __ADC12MEM7_H = 0x72f
                0x000000000000072e                __ADC12MEM7 = 0x72e
                0x0000000000000730                __ADC12MEM8_L = 0x730
                0x0000000000000731                __ADC12MEM8_H = 0x731
                0x0000000000000730                __ADC12MEM8 = 0x730
                0x0000000000000732                __ADC12MEM9_L = 0x732
                0x0000000000000733                __ADC12MEM9_H = 0x733
                0x0000000000000732                __ADC12MEM9 = 0x732
                0x0000000000000734                __ADC12MEM10_L = 0x734
                0x0000000000000735                __ADC12MEM10_H = 0x735
                0x0000000000000734                __ADC12MEM10 = 0x734
                0x0000000000000736                __ADC12MEM11_L = 0x736
                0x0000000000000737                __ADC12MEM11_H = 0x737
                0x0000000000000736                __ADC12MEM11 = 0x736
                0x0000000000000738                __ADC12MEM12_L = 0x738
                0x0000000000000739                __ADC12MEM12_H = 0x739
                0x0000000000000738                __ADC12MEM12 = 0x738
                0x000000000000073a                __ADC12MEM13_L = 0x73a
                0x000000000000073b                __ADC12MEM13_H = 0x73b
                0x000000000000073a                __ADC12MEM13 = 0x73a
                0x000000000000073c                __ADC12MEM14_L = 0x73c
                0x000000000000073d                __ADC12MEM14_H = 0x73d
                0x000000000000073c                __ADC12MEM14 = 0x73c
                0x000000000000073e                __ADC12MEM15_L = 0x73e
                0x000000000000073f                __ADC12MEM15_H = 0x73f
                0x000000000000073e                __ADC12MEM15 = 0x73e
                0x0000000000000710                __ADC12MCTL0 = 0x710
                0x0000000000000711                __ADC12MCTL1 = 0x711
                0x0000000000000712                __ADC12MCTL2 = 0x712
                0x0000000000000713                __ADC12MCTL3 = 0x713
                0x0000000000000714                __ADC12MCTL4 = 0x714
                0x0000000000000715                __ADC12MCTL5 = 0x715
                0x0000000000000716                __ADC12MCTL6 = 0x716
                0x0000000000000717                __ADC12MCTL7 = 0x717
                0x0000000000000718                __ADC12MCTL8 = 0x718
                0x0000000000000719                __ADC12MCTL9 = 0x719
                0x000000000000071a                __ADC12MCTL10 = 0x71a
                0x000000000000071b                __ADC12MCTL11 = 0x71b
                0x000000000000071c                __ADC12MCTL12 = 0x71c
                0x000000000000071d                __ADC12MCTL13 = 0x71d
                0x000000000000071e                __ADC12MCTL14 = 0x71e
                0x000000000000071f                __ADC12MCTL15 = 0x71f
                0x00000000000008c0                __CBCTL0_L = 0x8c0
                0x00000000000008c1                __CBCTL0_H = 0x8c1
                0x00000000000008c0                __CBCTL0 = 0x8c0
                0x00000000000008c2                __CBCTL1_L = 0x8c2
                0x00000000000008c3                __CBCTL1_H = 0x8c3
                0x00000000000008c2                __CBCTL1 = 0x8c2
                0x00000000000008c4                __CBCTL2_L = 0x8c4
                0x00000000000008c5                __CBCTL2_H = 0x8c5
                0x00000000000008c4                __CBCTL2 = 0x8c4
                0x00000000000008c6                __CBCTL3_L = 0x8c6
                0x00000000000008c7                __CBCTL3_H = 0x8c7
                0x00000000000008c6                __CBCTL3 = 0x8c6
                0x00000000000008cc                __CBINT_L = 0x8cc
                0x00000000000008cd                __CBINT_H = 0x8cd
                0x00000000000008cc                __CBINT = 0x8cc
                0x00000000000008ce                __CBIV = 0x8ce
                0x0000000000000150                __CRCDI_L = 0x150
                0x0000000000000151                __CRCDI_H = 0x151
                0x0000000000000150                __CRCDI = 0x150
                0x0000000000000152                __CRCDIRB_L = 0x152
                0x0000000000000153                __CRCDIRB_H = 0x153
                0x0000000000000152                __CRCDIRB = 0x152
                0x0000000000000154                __CRCINIRES_L = 0x154
                0x0000000000000155                __CRCINIRES_H = 0x155
                0x0000000000000154                __CRCINIRES = 0x154
                0x0000000000000156                __CRCRESR_L = 0x156
                0x0000000000000157                __CRCRESR_H = 0x157
                0x0000000000000156                __CRCRESR = 0x156
                0x0000000000000500                __DMACTL0_L = 0x500
                0x0000000000000501                __DMACTL0_H = 0x501
                0x0000000000000500                __DMACTL0 = 0x500
                0x0000000000000502                __DMACTL1_L = 0x502
                0x0000000000000503                __DMACTL1_H = 0x503
                0x0000000000000502                __DMACTL1 = 0x502
                0x0000000000000504                __DMACTL2_L = 0x504
                0x0000000000000505                __DMACTL2_H = 0x505
                0x0000000000000504                __DMACTL2 = 0x504
                0x0000000000000506                __DMACTL3_L = 0x506
                0x0000000000000507                __DMACTL3_H = 0x507
                0x0000000000000506                __DMACTL3 = 0x506
                0x0000000000000508                __DMACTL4_L = 0x508
                0x0000000000000509                __DMACTL4_H = 0x509
                0x0000000000000508                __DMACTL4 = 0x508
                0x000000000000050e                __DMAIV_L = 0x50e
                0x000000000000050f                __DMAIV_H = 0x50f
                0x000000000000050e                __DMAIV = 0x50e
                0x0000000000000510                __DMA0CTL_L = 0x510
                0x0000000000000511                __DMA0CTL_H = 0x511
                0x0000000000000510                __DMA0CTL = 0x510
                0x0000000000000512                __DMA0SA = 0x512
                0x0000000000000516                __DMA0DA = 0x516
                0x000000000000051a                __DMA0SZ = 0x51a
                0x0000000000000520                __DMA1CTL_L = 0x520
                0x0000000000000521                __DMA1CTL_H = 0x521
                0x0000000000000520                __DMA1CTL = 0x520
                0x0000000000000522                __DMA1SA = 0x522
                0x0000000000000526                __DMA1DA = 0x526
                0x000000000000052a                __DMA1SZ = 0x52a
                0x0000000000000530                __DMA2CTL_L = 0x530
                0x0000000000000531                __DMA2CTL_H = 0x531
                0x0000000000000530                __DMA2CTL = 0x530
                0x0000000000000532                __DMA2SA = 0x532
                0x0000000000000536                __DMA2DA = 0x536
                0x000000000000053a                __DMA2SZ = 0x53a
                0x0000000000000140                __FCTL1_L = 0x140
                0x0000000000000141                __FCTL1_H = 0x141
                0x0000000000000140                __FCTL1 = 0x140
                0x0000000000000144                __FCTL3_L = 0x144
                0x0000000000000145                __FCTL3_H = 0x145
                0x0000000000000144                __FCTL3 = 0x144
                0x0000000000000146                __FCTL4_L = 0x146
                0x0000000000000147                __FCTL4_H = 0x147
                0x0000000000000146                __FCTL4 = 0x146
                0x00000000000004c0                __MPY_L = 0x4c0
                0x00000000000004c1                __MPY_H = 0x4c1
                0x00000000000004c0                __MPY = 0x4c0
                0x00000000000004c2                __MPYS_L = 0x4c2
                0x00000000000004c3                __MPYS_H = 0x4c3
                0x00000000000004c2                __MPYS = 0x4c2
                0x00000000000004c4                __MAC_L = 0x4c4
                0x00000000000004c5                __MAC_H = 0x4c5
                0x00000000000004c4                __MAC = 0x4c4
                0x00000000000004c6                __MACS_L = 0x4c6
                0x00000000000004c7                __MACS_H = 0x4c7
                0x00000000000004c6                __MACS = 0x4c6
                0x00000000000004c8                __OP2_L = 0x4c8
                0x00000000000004c9                __OP2_H = 0x4c9
                0x00000000000004c8                __OP2 = 0x4c8
                0x00000000000004ca                __RESLO_L = 0x4ca
                0x00000000000004cb                __RESLO_H = 0x4cb
                0x00000000000004ca                __RESLO = 0x4ca
                0x00000000000004cc                __RESHI_L = 0x4cc
                0x00000000000004cd                __RESHI_H = 0x4cd
                0x00000000000004cc                __RESHI = 0x4cc
                0x00000000000004ce                __SUMEXT_L = 0x4ce
                0x00000000000004cf                __SUMEXT_H = 0x4cf
                0x00000000000004ce                __SUMEXT = 0x4ce
                0x00000000000004d0                __MPY32L_L = 0x4d0
                0x00000000000004d1                __MPY32L_H = 0x4d1
                0x00000000000004d0                __MPY32L = 0x4d0
                0x00000000000004d2                __MPY32H_L = 0x4d2
                0x00000000000004d3                __MPY32H_H = 0x4d3
                0x00000000000004d2                __MPY32H = 0x4d2
                0x00000000000004d4                __MPYS32L_L = 0x4d4
                0x00000000000004d5                __MPYS32L_H = 0x4d5
                0x00000000000004d4                __MPYS32L = 0x4d4
                0x00000000000004d6                __MPYS32H_L = 0x4d6
                0x00000000000004d7                __MPYS32H_H = 0x4d7
                0x00000000000004d6                __MPYS32H = 0x4d6
                0x00000000000004d8                __MAC32L_L = 0x4d8
                0x00000000000004d9                __MAC32L_H = 0x4d9
                0x00000000000004d8                __MAC32L = 0x4d8
                0x00000000000004da                __MAC32H_L = 0x4da
                0x00000000000004db                __MAC32H_H = 0x4db
                0x00000000000004da                __MAC32H = 0x4da
                0x00000000000004dc                __MACS32L_L = 0x4dc
                0x00000000000004dd                __MACS32L_H = 0x4dd
                0x00000000000004dc                __MACS32L = 0x4dc
                0x00000000000004de                __MACS32H_L = 0x4de
                0x00000000000004df                __MACS32H_H = 0x4df
                0x00000000000004de                __MACS32H = 0x4de
                0x00000000000004e0                __OP2L_L = 0x4e0
                0x00000000000004e1                __OP2L_H = 0x4e1
                0x00000000000004e0                __OP2L = 0x4e0
                0x00000000000004e2                __OP2H_L = 0x4e2
                0x00000000000004e3                __OP2H_H = 0x4e3
                0x00000000000004e2                __OP2H = 0x4e2
                0x00000000000004e4                __RES0_L = 0x4e4
                0x00000000000004e5                __RES0_H = 0x4e5
                0x00000000000004e4                __RES0 = 0x4e4
                0x00000000000004e6                __RES1_L = 0x4e6
                0x00000000000004e7                __RES1_H = 0x4e7
                0x00000000000004e6                __RES1 = 0x4e6
                0x00000000000004e8                __RES2_L = 0x4e8
                0x00000000000004e9                __RES2_H = 0x4e9
                0x00000000000004e8                __RES2 = 0x4e8
                0x00000000000004ea                __RES3_L = 0x4ea
                0x00000000000004eb                __RES3_H = 0x4eb
                0x00000000000004ea                __RES3 = 0x4ea
                0x00000000000004ec                __MPY32CTL0_L = 0x4ec
                0x00000000000004ed                __MPY32CTL0_H = 0x4ed
                0x00000000000004ec                __MPY32CTL0 = 0x4ec
                0x0000000000000200                __PAIN_L = 0x200
                0x0000000000000201                __PAIN_H = 0x201
                0x0000000000000200                __PAIN = 0x200
                0x0000000000000202                __PAOUT_L = 0x202
                0x0000000000000203                __PAOUT_H = 0x203
                0x0000000000000202                __PAOUT = 0x202
                0x0000000000000204                __PADIR_L = 0x204
                0x0000000000000205                __PADIR_H = 0x205
                0x0000000000000204                __PADIR = 0x204
                0x0000000000000206                __PAREN_L = 0x206
                0x0000000000000207                __PAREN_H = 0x207
                0x0000000000000206                __PAREN = 0x206
                0x0000000000000208                __PADS_L = 0x208
                0x0000000000000209                __PADS_H = 0x209
                0x0000000000000208                __PADS = 0x208
                0x000000000000020a                __PASEL_L = 0x20a
                0x000000000000020b                __PASEL_H = 0x20b
                0x000000000000020a                __PASEL = 0x20a
                0x0000000000000218                __PAIES_L = 0x218
                0x0000000000000219                __PAIES_H = 0x219
                0x0000000000000218                __PAIES = 0x218
                0x000000000000021a                __PAIE_L = 0x21a
                0x000000000000021b                __PAIE_H = 0x21b
                0x000000000000021a                __PAIE = 0x21a
                0x000000000000021c                __PAIFG_L = 0x21c
                0x000000000000021d                __PAIFG_H = 0x21d
                0x000000000000021c                __PAIFG = 0x21c
                0x000000000000020e                __P1IV = 0x20e
                0x000000000000021e                __P2IV = 0x21e
                0x0000000000000220                __PBIN_L = 0x220
                0x0000000000000221                __PBIN_H = 0x221
                0x0000000000000220                __PBIN = 0x220
                0x0000000000000222                __PBOUT_L = 0x222
                0x0000000000000223                __PBOUT_H = 0x223
                0x0000000000000222                __PBOUT = 0x222
                0x0000000000000224                __PBDIR_L = 0x224
                0x0000000000000225                __PBDIR_H = 0x225
                0x0000000000000224                __PBDIR = 0x224
                0x0000000000000226                __PBREN_L = 0x226
                0x0000000000000227                __PBREN_H = 0x227
                0x0000000000000226                __PBREN = 0x226
                0x0000000000000228                __PBDS_L = 0x228
                0x0000000000000229                __PBDS_H = 0x229
                0x0000000000000228                __PBDS = 0x228
                0x000000000000022a                __PBSEL_L = 0x22a
                0x000000000000022b                __PBSEL_H = 0x22b
                0x000000000000022a                __PBSEL = 0x22a
                0x0000000000000240                __PCIN_L = 0x240
                0x0000000000000241                __PCIN_H = 0x241
                0x0000000000000240                __PCIN = 0x240
                0x0000000000000242                __PCOUT_L = 0x242
                0x0000000000000243                __PCOUT_H = 0x243
                0x0000000000000242                __PCOUT = 0x242
                0x0000000000000244                __PCDIR_L = 0x244
                0x0000000000000245                __PCDIR_H = 0x245
                0x0000000000000244                __PCDIR = 0x244
                0x0000000000000246                __PCREN_L = 0x246
                0x0000000000000247                __PCREN_H = 0x247
                0x0000000000000246                __PCREN = 0x246
                0x0000000000000248                __PCDS_L = 0x248
                0x0000000000000249                __PCDS_H = 0x249
                0x0000000000000248                __PCDS = 0x248
                0x000000000000024a                __PCSEL_L = 0x24a
                0x000000000000024b                __PCSEL_H = 0x24b
                0x000000000000024a                __PCSEL = 0x24a
                0x0000000000000260                __PDIN_L = 0x260
                0x0000000000000261                __PDIN_H = 0x261
                0x0000000000000260                __PDIN = 0x260
                0x0000000000000262                __PDOUT_L = 0x262
                0x0000000000000263                __PDOUT_H = 0x263
                0x0000000000000262                __PDOUT = 0x262
                0x0000000000000264                __PDDIR_L = 0x264
                0x0000000000000265                __PDDIR_H = 0x265
                0x0000000000000264                __PDDIR = 0x264
                0x0000000000000266                __PDREN_L = 0x266
                0x0000000000000267                __PDREN_H = 0x267
                0x0000000000000266                __PDREN = 0x266
                0x0000000000000268                __PDDS_L = 0x268
                0x0000000000000269                __PDDS_H = 0x269
                0x0000000000000268                __PDDS = 0x268
                0x000000000000026a                __PDSEL_L = 0x26a
                0x000000000000026b                __PDSEL_H = 0x26b
                0x000000000000026a                __PDSEL = 0x26a
                0x0000000000000320                __PJIN_L = 0x320
                0x0000000000000321                __PJIN_H = 0x321
                0x0000000000000320                __PJIN = 0x320
                0x0000000000000322                __PJOUT_L = 0x322
                0x0000000000000323                __PJOUT_H = 0x323
                0x0000000000000322                __PJOUT = 0x322
                0x0000000000000324                __PJDIR_L = 0x324
                0x0000000000000325                __PJDIR_H = 0x325
                0x0000000000000324                __PJDIR = 0x324
                0x0000000000000326                __PJREN_L = 0x326
                0x0000000000000327                __PJREN_H = 0x327
                0x0000000000000326                __PJREN = 0x326
                0x0000000000000328                __PJDS_L = 0x328
                0x0000000000000329                __PJDS_H = 0x329
                0x0000000000000328                __PJDS = 0x328
                0x00000000000001c0                __PMAPKEYID_L = 0x1c0
                0x00000000000001c1                __PMAPKEYID_H = 0x1c1
                0x00000000000001c0                __PMAPKEYID = 0x1c0
                0x00000000000001c2                __PMAPCTL_L = 0x1c2
                0x00000000000001c3                __PMAPCTL_H = 0x1c3
                0x00000000000001c2                __PMAPCTL = 0x1c2
                0x00000000000001e0                __P4MAP01_L = 0x1e0
                0x00000000000001e1                __P4MAP01_H = 0x1e1
                0x00000000000001e0                __P4MAP01 = 0x1e0
                0x00000000000001e2                __P4MAP23_L = 0x1e2
                0x00000000000001e3                __P4MAP23_H = 0x1e3
                0x00000000000001e2                __P4MAP23 = 0x1e2
                0x00000000000001e4                __P4MAP45_L = 0x1e4
                0x00000000000001e5                __P4MAP45_H = 0x1e5
                0x00000000000001e4                __P4MAP45 = 0x1e4
                0x00000000000001e6                __P4MAP67_L = 0x1e6
                0x00000000000001e7                __P4MAP67_H = 0x1e7
                0x00000000000001e6                __P4MAP67 = 0x1e6
                0x0000000000000120                __PMMCTL0_L = 0x120
                0x0000000000000121                __PMMCTL0_H = 0x121
                0x0000000000000120                __PMMCTL0 = 0x120
                0x0000000000000122                __PMMCTL1_L = 0x122
                0x0000000000000123                __PMMCTL1_H = 0x123
                0x0000000000000122                __PMMCTL1 = 0x122
                0x0000000000000124                __SVSMHCTL_L = 0x124
                0x0000000000000125                __SVSMHCTL_H = 0x125
                0x0000000000000124                __SVSMHCTL = 0x124
                0x0000000000000126                __SVSMLCTL_L = 0x126
                0x0000000000000127                __SVSMLCTL_H = 0x127
                0x0000000000000126                __SVSMLCTL = 0x126
                0x0000000000000128                __SVSMIO_L = 0x128
                0x0000000000000129                __SVSMIO_H = 0x129
                0x0000000000000128                __SVSMIO = 0x128
                0x000000000000012c                __PMMIFG_L = 0x12c
                0x000000000000012d                __PMMIFG_H = 0x12d
                0x000000000000012c                __PMMIFG = 0x12c
                0x000000000000012e                __PMMRIE_L = 0x12e
                0x000000000000012f                __PMMRIE_H = 0x12f
                0x000000000000012e                __PMMRIE = 0x12e
                0x0000000000000130                __PM5CTL0_L = 0x130
                0x0000000000000131                __PM5CTL0_H = 0x131
                0x0000000000000130                __PM5CTL0 = 0x130
                0x0000000000000158                __RCCTL0_L = 0x158
                0x0000000000000159                __RCCTL0_H = 0x159
                0x0000000000000158                __RCCTL0 = 0x158
                0x00000000000001b0                __REFCTL0_L = 0x1b0
                0x00000000000001b1                __REFCTL0_H = 0x1b1
                0x00000000000001b0                __REFCTL0 = 0x1b0
                0x00000000000004a0                __RTCCTL01_L = 0x4a0
                0x00000000000004a1                __RTCCTL01_H = 0x4a1
                0x00000000000004a0                __RTCCTL01 = 0x4a0
                0x00000000000004a2                __RTCCTL23_L = 0x4a2
                0x00000000000004a3                __RTCCTL23_H = 0x4a3
                0x00000000000004a2                __RTCCTL23 = 0x4a2
                0x00000000000004a8                __RTCPS0CTL_L = 0x4a8
                0x00000000000004a9                __RTCPS0CTL_H = 0x4a9
                0x00000000000004a8                __RTCPS0CTL = 0x4a8
                0x00000000000004aa                __RTCPS1CTL_L = 0x4aa
                0x00000000000004ab                __RTCPS1CTL_H = 0x4ab
                0x00000000000004aa                __RTCPS1CTL = 0x4aa
                0x00000000000004ac                __RTCPS_L = 0x4ac
                0x00000000000004ad                __RTCPS_H = 0x4ad
                0x00000000000004ac                __RTCPS = 0x4ac
                0x00000000000004ae                __RTCIV = 0x4ae
                0x00000000000004b0                __RTCTIM0_L = 0x4b0
                0x00000000000004b1                __RTCTIM0_H = 0x4b1
                0x00000000000004b0                __RTCTIM0 = 0x4b0
                0x00000000000004b2                __RTCTIM1_L = 0x4b2
                0x00000000000004b3                __RTCTIM1_H = 0x4b3
                0x00000000000004b2                __RTCTIM1 = 0x4b2
                0x00000000000004b4                __RTCDATE_L = 0x4b4
                0x00000000000004b5                __RTCDATE_H = 0x4b5
                0x00000000000004b4                __RTCDATE = 0x4b4
                0x00000000000004b6                __RTCYEAR_L = 0x4b6
                0x00000000000004b7                __RTCYEAR_H = 0x4b7
                0x00000000000004b6                __RTCYEAR = 0x4b6
                0x00000000000004b8                __RTCAMINHR_L = 0x4b8
                0x00000000000004b9                __RTCAMINHR_H = 0x4b9
                0x00000000000004b8                __RTCAMINHR = 0x4b8
                0x00000000000004ba                __RTCADOWDAY_L = 0x4ba
                0x00000000000004bb                __RTCADOWDAY_H = 0x4bb
                0x00000000000004ba                __RTCADOWDAY = 0x4ba
                0x0000000000000100                __SFRIE1_L = 0x100
                0x0000000000000101                __SFRIE1_H = 0x101
                0x0000000000000100                __SFRIE1 = 0x100
                0x0000000000000102                __SFRIFG1_L = 0x102
                0x0000000000000103                __SFRIFG1_H = 0x103
                0x0000000000000102                __SFRIFG1 = 0x102
                0x0000000000000104                __SFRRPCR_L = 0x104
                0x0000000000000105                __SFRRPCR_H = 0x105
                0x0000000000000104                __SFRRPCR = 0x104
                0x0000000000000180                __SYSCTL_L = 0x180
                0x0000000000000181                __SYSCTL_H = 0x181
                0x0000000000000180                __SYSCTL = 0x180
                0x0000000000000182                __SYSBSLC_L = 0x182
                0x0000000000000183                __SYSBSLC_H = 0x183
                0x0000000000000182                __SYSBSLC = 0x182
                0x0000000000000186                __SYSJMBC_L = 0x186
                0x0000000000000187                __SYSJMBC_H = 0x187
                0x0000000000000186                __SYSJMBC = 0x186
                0x0000000000000188                __SYSJMBI0_L = 0x188
                0x0000000000000189                __SYSJMBI0_H = 0x189
                0x0000000000000188                __SYSJMBI0 = 0x188
                0x000000000000018a                __SYSJMBI1_L = 0x18a
                0x000000000000018b                __SYSJMBI1_H = 0x18b
                0x000000000000018a                __SYSJMBI1 = 0x18a
                0x000000000000018c                __SYSJMBO0_L = 0x18c
                0x000000000000018d                __SYSJMBO0_H = 0x18d
                0x000000000000018c                __SYSJMBO0 = 0x18c
                0x000000000000018e                __SYSJMBO1_L = 0x18e
                0x000000000000018f                __SYSJMBO1_H = 0x18f
                0x000000000000018e                __SYSJMBO1 = 0x18e
                0x0000000000000198                __SYSBERRIV_L = 0x198
                0x0000000000000199                __SYSBERRIV_H = 0x199
                0x0000000000000198                __SYSBERRIV = 0x198
                0x000000000000019a                __SYSUNIV_L = 0x19a
                0x000000000000019b                __SYSUNIV_H = 0x19b
                0x000000000000019a                __SYSUNIV = 0x19a
                0x000000000000019c                __SYSSNIV_L = 0x19c
                0x000000000000019d                __SYSSNIV_H = 0x19d
                0x000000000000019c                __SYSSNIV = 0x19c
                0x000000000000019e                __SYSRSTIV_L = 0x19e
                0x000000000000019f                __SYSRSTIV_H = 0x19f
                0x000000000000019e                __SYSRSTIV = 0x19e
                0x0000000000000340                __TA0CTL = 0x340
                0x0000000000000342                __TA0CCTL0 = 0x342
                0x0000000000000344                __TA0CCTL1 = 0x344
                0x0000000000000346                __TA0CCTL2 = 0x346
                0x0000000000000348                __TA0CCTL3 = 0x348
                0x000000000000034a                __TA0CCTL4 = 0x34a
                0x0000000000000350                __TA0R = 0x350
                0x0000000000000352                __TA0CCR0 = 0x352
                0x0000000000000354                __TA0CCR1 = 0x354
                0x0000000000000356                __TA0CCR2 = 0x356
                0x0000000000000358                __TA0CCR3 = 0x358
                0x000000000000035a                __TA0CCR4 = 0x35a
                0x000000000000036e                __TA0IV = 0x36e
                0x0000000000000360                __TA0EX0 = 0x360
                0x0000000000000380                __TA1CTL = 0x380
                0x0000000000000382                __TA1CCTL0 = 0x382
                0x0000000000000384                __TA1CCTL1 = 0x384
                0x0000000000000386                __TA1CCTL2 = 0x386
                0x0000000000000390                __TA1R = 0x390
                0x0000000000000392                __TA1CCR0 = 0x392
                0x0000000000000394                __TA1CCR1 = 0x394
                0x0000000000000396                __TA1CCR2 = 0x396
                0x00000000000003ae                __TA1IV = 0x3ae
                0x00000000000003a0                __TA1EX0 = 0x3a0
                0x0000000000000400                __TA2CTL = 0x400
                0x0000000000000402                __TA2CCTL0 = 0x402
                0x0000000000000404                __TA2CCTL1 = 0x404
                0x0000000000000406                __TA2CCTL2 = 0x406
                0x0000000000000410                __TA2R = 0x410
                0x0000000000000412                __TA2CCR0 = 0x412
                0x0000000000000414                __TA2CCR1 = 0x414
                0x0000000000000416                __TA2CCR2 = 0x416
                0x000000000000042e                __TA2IV = 0x42e
                0x0000000000000420                __TA2EX0 = 0x420
                0x00000000000003c0                __TB0CTL = 0x3c0
                0x00000000000003c2                __TB0CCTL0 = 0x3c2
                0x00000000000003c4                __TB0CCTL1 = 0x3c4
                0x00000000000003c6                __TB0CCTL2 = 0x3c6
                0x00000000000003c8                __TB0CCTL3 = 0x3c8
                0x00000000000003ca                __TB0CCTL4 = 0x3ca
                0x00000000000003cc                __TB0CCTL5 = 0x3cc
                0x00000000000003ce                __TB0CCTL6 = 0x3ce
                0x00000000000003d0                __TB0R = 0x3d0
                0x00000000000003d2                __TB0CCR0 = 0x3d2
                0x00000000000003d4                __TB0CCR1 = 0x3d4
                0x00000000000003d6                __TB0CCR2 = 0x3d6
                0x00000000000003d8                __TB0CCR3 = 0x3d8
                0x00000000000003da                __TB0CCR4 = 0x3da
                0x00000000000003dc                __TB0CCR5 = 0x3dc
                0x00000000000003de                __TB0CCR6 = 0x3de
                0x00000000000003e0                __TB0EX0 = 0x3e0
                0x00000000000003ee                __TB0IV = 0x3ee
                0x0000000000000900                __USBKEYID_L = 0x900
                0x0000000000000901                __USBKEYID_H = 0x901
                0x0000000000000900                __USBKEYID = 0x900
                0x0000000000000902                __USBCNF_L = 0x902
                0x0000000000000903                __USBCNF_H = 0x903
                0x0000000000000902                __USBCNF = 0x902
                0x0000000000000904                __USBPHYCTL_L = 0x904
                0x0000000000000905                __USBPHYCTL_H = 0x905
                0x0000000000000904                __USBPHYCTL = 0x904
                0x0000000000000908                __USBPWRCTL_L = 0x908
                0x0000000000000909                __USBPWRCTL_H = 0x909
                0x0000000000000908                __USBPWRCTL = 0x908
                0x0000000000000910                __USBPLLCTL_L = 0x910
                0x0000000000000911                __USBPLLCTL_H = 0x911
                0x0000000000000910                __USBPLLCTL = 0x910
                0x0000000000000912                __USBPLLDIVB_L = 0x912
                0x0000000000000913                __USBPLLDIVB_H = 0x913
                0x0000000000000912                __USBPLLDIVB = 0x912
                0x0000000000000914                __USBPLLIR_L = 0x914
                0x0000000000000915                __USBPLLIR_H = 0x915
                0x0000000000000914                __USBPLLIR = 0x914
                0x0000000000000920                __USBIEPCNF_0 = 0x920
                0x0000000000000921                __USBIEPCNT_0 = 0x921
                0x0000000000000922                __USBOEPCNF_0 = 0x922
                0x0000000000000923                __USBOEPCNT_0 = 0x923
                0x000000000000092e                __USBIEPIE = 0x92e
                0x000000000000092f                __USBOEPIE = 0x92f
                0x0000000000000930                __USBIEPIFG = 0x930
                0x0000000000000931                __USBOEPIFG = 0x931
                0x0000000000000932                __USBVECINT_L = 0x932
                0x0000000000000933                __USBVECINT_H = 0x933
                0x0000000000000932                __USBVECINT = 0x932
                0x0000000000000936                __USBMAINT_L = 0x936
                0x0000000000000937                __USBMAINT_H = 0x937
                0x0000000000000936                __USBMAINT = 0x936
                0x0000000000000938                __USBTSREG_L = 0x938
                0x0000000000000939                __USBTSREG_H = 0x939
                0x0000000000000938                __USBTSREG = 0x938
                0x000000000000093a                __USBFN_L = 0x93a
                0x000000000000093b                __USBFN_H = 0x93b
                0x000000000000093a                __USBFN = 0x93a
                0x000000000000093c                __USBCTL = 0x93c
                0x000000000000093d                __USBIE = 0x93d
                0x000000000000093e                __USBIFG = 0x93e
                0x000000000000093f                __USBFUNADR = 0x93f
                0x00000000000023ff                __USBIEPSIZXY_7 = 0x23ff
                0x00000000000023fe                __USBIEPBCTY_7 = 0x23fe
                0x00000000000023fd                __USBIEPBBAY_7 = 0x23fd
                0x00000000000023fa                __USBIEPBCTX_7 = 0x23fa
                0x00000000000023f9                __USBIEPBBAX_7 = 0x23f9
                0x00000000000023f8                __USBIEPCNF_7 = 0x23f8
                0x00000000000023f7                __USBIEPSIZXY_6 = 0x23f7
                0x00000000000023f6                __USBIEPBCTY_6 = 0x23f6
                0x00000000000023f5                __USBIEPBBAY_6 = 0x23f5
                0x00000000000023f2                __USBIEPBCTX_6 = 0x23f2
                0x00000000000023f1                __USBIEPBBAX_6 = 0x23f1
                0x00000000000023f0                __USBIEPCNF_6 = 0x23f0
                0x00000000000023ef                __USBIEPSIZXY_5 = 0x23ef
                0x00000000000023ee                __USBIEPBCTY_5 = 0x23ee
                0x00000000000023ed                __USBIEPBBAY_5 = 0x23ed
                0x00000000000023ea                __USBIEPBCTX_5 = 0x23ea
                0x00000000000023e9                __USBIEPBBAX_5 = 0x23e9
                0x00000000000023e8                __USBIEPCNF_5 = 0x23e8
                0x00000000000023e7                __USBIEPSIZXY_4 = 0x23e7
                0x00000000000023e6                __USBIEPBCTY_4 = 0x23e6
                0x00000000000023e5                __USBIEPBBAY_4 = 0x23e5
                0x00000000000023e2                __USBIEPBCTX_4 = 0x23e2
                0x00000000000023e1                __USBIEPBBAX_4 = 0x23e1
                0x00000000000023e0                __USBIEPCNF_4 = 0x23e0
                0x00000000000023df                __USBIEPSIZXY_3 = 0x23df
                0x00000000000023de                __USBIEPBCTY_3 = 0x23de
                0x00000000000023dd                __USBIEPBBAY_3 = 0x23dd
                0x00000000000023da                __USBIEPBCTX_3 = 0x23da
                0x00000000000023d9                __USBIEPBBAX_3 = 0x23d9
                0x00000000000023d8                __USBIEPCNF_3 = 0x23d8
                0x00000000000023d7                __USBIEPSIZXY_2 = 0x23d7
                0x00000000000023d6                __USBIEPBCTY_2 = 0x23d6
                0x00000000000023d5                __USBIEPBBAY_2 = 0x23d5
                0x00000000000023d2                __USBIEPBCTX_2 = 0x23d2
                0x00000000000023d1                __USBIEPBBAX_2 = 0x23d1
                0x00000000000023d0                __USBIEPCNF_2 = 0x23d0
                0x00000000000023cf                __USBIEPSIZXY_1 = 0x23cf
                0x00000000000023ce                __USBIEPBCTY_1 = 0x23ce
                0x00000000000023cd                __USBIEPBBAY_1 = 0x23cd
                0x00000000000023ca                __USBIEPBCTX_1 = 0x23ca
                0x00000000000023c9                __USBIEPBBAX_1 = 0x23c9
                0x00000000000023c8                __USBIEPCNF_1 = 0x23c8
                0x00000000000023bf                __USBOEPSIZXY_7 = 0x23bf
                0x00000000000023be                __USBOEPBCTY_7 = 0x23be
                0x00000000000023bd                __USBOEPBBAY_7 = 0x23bd
                0x00000000000023ba                __USBOEPBCTX_7 = 0x23ba
                0x00000000000023b9                __USBOEPBBAX_7 = 0x23b9
                0x00000000000023b8                __USBOEPCNF_7 = 0x23b8
                0x00000000000023b7                __USBOEPSIZXY_6 = 0x23b7
                0x00000000000023b6                __USBOEPBCTY_6 = 0x23b6
                0x00000000000023b5                __USBOEPBBAY_6 = 0x23b5
                0x00000000000023b2                __USBOEPBCTX_6 = 0x23b2
                0x00000000000023b1                __USBOEPBBAX_6 = 0x23b1
                0x00000000000023b0                __USBOEPCNF_6 = 0x23b0
                0x00000000000023af                __USBOEPSIZXY_5 = 0x23af
                0x00000000000023ae                __USBOEPBCTY_5 = 0x23ae
                0x00000000000023ad                __USBOEPBBAY_5 = 0x23ad
                0x00000000000023aa                __USBOEPBCTX_5 = 0x23aa
                0x00000000000023a9                __USBOEPBBAX_5 = 0x23a9
                0x00000000000023a8                __USBOEPCNF_5 = 0x23a8
                0x00000000000023a7                __USBOEPSIZXY_4 = 0x23a7
                0x00000000000023a6                __USBOEPBCTY_4 = 0x23a6
                0x00000000000023a5                __USBOEPBBAY_4 = 0x23a5
                0x00000000000023a2                __USBOEPBCTX_4 = 0x23a2
                0x00000000000023a1                __USBOEPBBAX_4 = 0x23a1
                0x00000000000023a0                __USBOEPCNF_4 = 0x23a0
                0x000000000000239f                __USBOEPSIZXY_3 = 0x239f
                0x000000000000239e                __USBOEPBCTY_3 = 0x239e
                0x000000000000239d                __USBOEPBBAY_3 = 0x239d
                0x000000000000239a                __USBOEPBCTX_3 = 0x239a
                0x0000000000002399                __USBOEPBBAX_3 = 0x2399
                0x0000000000002398                __USBOEPCNF_3 = 0x2398
                0x0000000000002397                __USBOEPSIZXY_2 = 0x2397
                0x0000000000002396                __USBOEPBCTY_2 = 0x2396
                0x0000000000002395                __USBOEPBBAY_2 = 0x2395
                0x0000000000002392                __USBOEPBCTX_2 = 0x2392
                0x0000000000002391                __USBOEPBBAX_2 = 0x2391
                0x0000000000002390                __USBOEPCNF_2 = 0x2390
                0x000000000000238f                __USBOEPSIZXY_1 = 0x238f
                0x000000000000238e                __USBOEPBCTY_1 = 0x238e
                0x000000000000238d                __USBOEPBBAY_1 = 0x238d
                0x000000000000238a                __USBOEPBCTX_1 = 0x238a
                0x0000000000002389                __USBOEPBBAX_1 = 0x2389
                0x0000000000002388                __USBOEPCNF_1 = 0x2388
                0x0000000000002380                __USBSUBLK = 0x2380
                0x0000000000002378                __USBIEP0BUF = 0x2378
                0x0000000000002370                __USBOEP0BUF = 0x2370
                0x000000000000236f                __USBTOPBUFF = 0x236f
                0x0000000000001c00                __USBSTABUFF = 0x1c00
                0x0000000000000160                __UCSCTL0_L = 0x160
                0x0000000000000161                __UCSCTL0_H = 0x161
                0x0000000000000160                __UCSCTL0 = 0x160
                0x0000000000000162                __UCSCTL1_L = 0x162
                0x0000000000000163                __UCSCTL1_H = 0x163
                0x0000000000000162                __UCSCTL1 = 0x162
                0x0000000000000164                __UCSCTL2_L = 0x164
                0x0000000000000165                __UCSCTL2_H = 0x165
                0x0000000000000164                __UCSCTL2 = 0x164
                0x0000000000000166                __UCSCTL3_L = 0x166
                0x0000000000000167                __UCSCTL3_H = 0x167
                0x0000000000000166                __UCSCTL3 = 0x166
                0x0000000000000168                __UCSCTL4_L = 0x168
                0x0000000000000169                __UCSCTL4_H = 0x169
                0x0000000000000168                __UCSCTL4 = 0x168
                0x000000000000016a                __UCSCTL5_L = 0x16a
                0x000000000000016b                __UCSCTL5_H = 0x16b
                0x000000000000016a                __UCSCTL5 = 0x16a
                0x000000000000016c                __UCSCTL6_L = 0x16c
                0x000000000000016d                __UCSCTL6_H = 0x16d
                0x000000000000016c                __UCSCTL6 = 0x16c
                0x000000000000016e                __UCSCTL7_L = 0x16e
                0x000000000000016f                __UCSCTL7_H = 0x16f
                0x000000000000016e                __UCSCTL7 = 0x16e
                0x0000000000000170                __UCSCTL8_L = 0x170
                0x0000000000000171                __UCSCTL8_H = 0x171
                0x0000000000000170                __UCSCTL8 = 0x170
                0x00000000000005c0                __UCA0CTLW0_L = 0x5c0
                0x00000000000005c1                __UCA0CTLW0_H = 0x5c1
                0x00000000000005c0                __UCA0CTLW0 = 0x5c0
                0x00000000000005c6                __UCA0BRW_L = 0x5c6
                0x00000000000005c7                __UCA0BRW_H = 0x5c7
                0x00000000000005c6                __UCA0BRW = 0x5c6
                0x00000000000005c8                __UCA0MCTL = 0x5c8
                0x00000000000005ca                __UCA0STAT = 0x5ca
                0x00000000000005cc                __UCA0RXBUF = 0x5cc
                0x00000000000005ce                __UCA0TXBUF = 0x5ce
                0x00000000000005d0                __UCA0ABCTL = 0x5d0
                0x00000000000005d2                __UCA0IRCTL_L = 0x5d2
                0x00000000000005d3                __UCA0IRCTL_H = 0x5d3
                0x00000000000005d2                __UCA0IRCTL = 0x5d2
                0x00000000000005dc                __UCA0ICTL_L = 0x5dc
                0x00000000000005dd                __UCA0ICTL_H = 0x5dd
                0x00000000000005dc                __UCA0ICTL = 0x5dc
                0x00000000000005de                __UCA0IV = 0x5de
                0x00000000000005e0                __UCB0CTLW0_L = 0x5e0
                0x00000000000005e1                __UCB0CTLW0_H = 0x5e1
                0x00000000000005e0                __UCB0CTLW0 = 0x5e0
                0x00000000000005e6                __UCB0BRW_L = 0x5e6
                0x00000000000005e7                __UCB0BRW_H = 0x5e7
                0x00000000000005e6                __UCB0BRW = 0x5e6
                0x00000000000005ea                __UCB0STAT = 0x5ea
                0x00000000000005ec                __UCB0RXBUF = 0x5ec
                0x00000000000005ee                __UCB0TXBUF = 0x5ee
                0x00000000000005f0                __UCB0I2COA_L = 0x5f0
                0x00000000000005f1                __UCB0I2COA_H = 0x5f1
                0x00000000000005f0                __UCB0I2COA = 0x5f0
                0x00000000000005f2                __UCB0I2CSA_L = 0x5f2
                0x00000000000005f3                __UCB0I2CSA_H = 0x5f3
                0x00000000000005f2                __UCB0I2CSA = 0x5f2
                0x00000000000005fc                __UCB0ICTL_L = 0x5fc
                0x00000000000005fd                __UCB0ICTL_H = 0x5fd
                0x00000000000005fc                __UCB0ICTL = 0x5fc
                0x00000000000005fe                __UCB0IV = 0x5fe
                0x0000000000000600                __UCA1CTLW0_L = 0x600
                0x0000000000000601                __UCA1CTLW0_H = 0x601
                0x0000000000000600                __UCA1CTLW0 = 0x600
                0x0000000000000606                __UCA1BRW_L = 0x606
                0x0000000000000607                __UCA1BRW_H = 0x607
                0x0000000000000606                __UCA1BRW = 0x606
                0x0000000000000608                __UCA1MCTL = 0x608
                0x000000000000060a                __UCA1STAT = 0x60a
                0x000000000000060c                __UCA1RXBUF = 0x60c
                0x000000000000060e                __UCA1TXBUF = 0x60e
                0x0000000000000610                __UCA1ABCTL = 0x610
                0x0000000000000612                __UCA1IRCTL_L = 0x612
                0x0000000000000613                __UCA1IRCTL_H = 0x613
                0x0000000000000612                __UCA1IRCTL = 0x612
                0x000000000000061c                __UCA1ICTL_L = 0x61c
                0x000000000000061d                __UCA1ICTL_H = 0x61d
                0x000000000000061c                __UCA1ICTL = 0x61c
                0x000000000000061e                __UCA1IV = 0x61e
                0x0000000000000620                __UCB1CTLW0_L = 0x620
                0x0000000000000621                __UCB1CTLW0_H = 0x621
                0x0000000000000620                __UCB1CTLW0 = 0x620
                0x0000000000000626                __UCB1BRW_L = 0x626
                0x0000000000000627                __UCB1BRW_H = 0x627
                0x0000000000000626                __UCB1BRW = 0x626
                0x000000000000062a                __UCB1STAT = 0x62a
                0x000000000000062c                __UCB1RXBUF = 0x62c
                0x000000000000062e                __UCB1TXBUF = 0x62e
                0x0000000000000630                __UCB1I2COA_L = 0x630
                0x0000000000000631                __UCB1I2COA_H = 0x631
                0x0000000000000630                __UCB1I2COA = 0x630
                0x0000000000000632                __UCB1I2CSA_L = 0x632
                0x0000000000000633                __UCB1I2CSA_H = 0x633
                0x0000000000000632                __UCB1I2CSA = 0x632
                0x000000000000063c                __UCB1ICTL_L = 0x63c
                0x000000000000063d                __UCB1ICTL_H = 0x63d
                0x000000000000063c                __UCB1ICTL = 0x63c
                0x000000000000063e                __UCB1IV = 0x63e
                0x000000000000015c                __WDTCTL_L = 0x15c
                0x000000000000015d                __WDTCTL_H = 0x15d
                0x000000000000015c                __WDTCTL = 0x15c

.hash
 *(.hash)

.dynsym
 *(.dynsym)

.dynstr
 *(.dynstr)

.gnu.version
 *(.gnu.version)

.gnu.version_d
 *(.gnu.version_d)

.gnu.version_r
 *(.gnu.version_r)

.rel.init
 *(.rel.init)

.rela.init
 *(.rela.init)

.rel.fini
 *(.rel.fini)

.rela.fini
 *(.rela.fini)

.rel.text
 *(.rel.text .rel.text.* .rel.gnu.linkonce.t.*)

.rela.text
 *(.rela.text .rela.text.* .rela.gnu.linkonce.t.*)

.rel.rodata
 *(.rel.rodata .rel.rodata.* .rel.gnu.linkonce.r.*)

.rela.rodata
 *(.rela.rodata .rela.rodata.* .rela.gnu.linkonce.r.*)

.rel.data
 *(.rel.data .rel.data.* .rel.gnu.linkonce.d.*)

.rela.data
 *(.rela.data .rela.data.* .rela.gnu.linkonce.d.*)

.rel.bss
 *(.rel.bss .rel.bss.* .rel.gnu.linkonce.b.*)

.rela.bss
 *(.rela.bss .rela.bss.* .rela.gnu.linkonce.b.*)

.rel.ctors
 *(.rel.ctors)

.rela.ctors
 *(.rela.ctors)

.rel.dtors
 *(.rel.dtors)

.rela.dtors
 *(.rela.dtors)

.rel.got
 *(.rel.got)

.rela.got
 *(.rela.got)

.rel.plt
 *(.rel.plt)

.rela.plt
 *(.rela.plt)

.text           0x0000000000004400     0x5574
                0x0000000000004400                . = ALIGN (0x2)
 *(.init .init.*)
 *(.init0)
 .init0         0x0000000000004400        0x0 /home/sew/Documents/energia-1.8.10E23/hardware/tools/msp430/bin/../lib/gcc/msp430/4.6.3/mcpu-430x/mmpy-16/libcrt0.a(_reset_vector__.o)
                0x0000000000004400                _reset_vector__
 *(.init1)
 .init1         0x0000000000004400        0xc /home/sew/Documents/energia-1.8.10E23/hardware/tools/msp430/bin/../lib/gcc/msp430/4.6.3/mcpu-430x/mmpy-16/libcrt0.a(__watchdog_support.o)
                0x0000000000004400                __watchdog_support
 *(.init2)
 .init2         0x000000000000440c        0x4 /home/sew/Documents/energia-1.8.10E23/hardware/tools/msp430/bin/../lib/gcc/msp430/4.6.3/mcpu-430x/mmpy-16/libcrt0.a(__init_stack.o)
                0x000000000000440c                __init_stack
 *(.init3)
 .init3         0x0000000000004410        0x0 /home/sew/Documents/energia-1.8.10E23/hardware/tools/msp430/bin/../lib/gcc/msp430/4.6.3/mcpu-430x/mmpy-16/libcrt0.a(__low_level_init.o)
                0x0000000000004410                __low_level_init
 *(.init4)
 .init4         0x0000000000004410       0x18 /home/sew/Documents/energia-1.8.10E23/hardware/tools/msp430/bin/../lib/gcc/msp430/4.6.3/mcpu-430x/mmpy-16/libcrt0.a(_copy_data.o)
                0x0000000000004410                __do_copy_data
 .init4         0x0000000000004428       0x16 /home/sew/Documents/energia-1.8.10E23/hardware/tools/msp430/bin/../lib/gcc/msp430/4.6.3/mcpu-430x/mmpy-16/libcrt0.a(_clear_bss.o)
                0x0000000000004428                __do_clear_bss
 *(.init5)
 *(.init6)
 .init6         0x000000000000443e       0x14 /home/sew/Documents/energia-1.8.10E23/hardware/tools/msp430/bin/../lib/gcc/msp430/4.6.3/mcpu-430x/mmpy-16/libcrt0.a(_ctors430.o)
                0x000000000000443e                __do_global_ctors
 *(.init7)
 *(.init8)
 *(.init9)
 .init9         0x0000000000004452       0x1a /home/sew/workspace_v10/msp430_MSP-EXP430F5529LP_core/Debug/libmsp430_MSP-EXP430F5529LP_core.a(main.o)
                0x0000000000004452                main
 *(.fini9)
 .fini9         0x000000000000446c        0x0 /home/sew/Documents/energia-1.8.10E23/hardware/tools/msp430/bin/../lib/gcc/msp430/4.6.3/mcpu-430x/mmpy-16/libcrt0.a(__stop_progExec__.o)
                0x000000000000446c                __stop_progExec__
 *(.fini8)
 *(.fini7)
 *(.fini6)
 *(.fini5)
 *(.fini4)
 *(.fini3)
 *(.fini2)
 *(.fini1)
 *(.fini0)
 .fini0         0x000000000000446c        0x6 /home/sew/Documents/energia-1.8.10E23/hardware/tools/msp430/bin/../lib/gcc/msp430/4.6.3/mcpu-430x/mmpy-16/libcrt0.a(_endless_loop__.o)
                0x000000000000446c                _endless_loop__
 *(.fini .fini.*)
                0x0000000000004472                . = ALIGN (0x2)
                0x0000000000004472                __ctors_start = .
 *(.ctors)
 .ctors         0x0000000000004472        0x2 ./Satellitt Design ADCS.o
 .ctors         0x0000000000004474        0x2 /home/sew/workspace_v10/msp430_MSP-EXP430F5529LP_Wire/Debug/libmsp430_MSP-EXP430F5529LP_Wire.a(Wire.o)
 .ctors         0x0000000000004476        0x2 /home/sew/workspace_v10/msp430_MSP-EXP430F5529LP_core/Debug/libmsp430_MSP-EXP430F5529LP_core.a(HardwareSerial.o)
                0x0000000000004478                __ctors_end = .
                0x0000000000004478                __dtors_start = .
 *(.dtors)
                0x0000000000004478                __dtors_end = .
                0x0000000000004478                . = ALIGN (0x2)
 *(.text .text.* .gnu.linkonce.t.*)
 .text          0x0000000000004478        0x4 /home/sew/Documents/energia-1.8.10E23/hardware/tools/msp430/bin/../lib/gcc/msp430/4.6.3/mcpu-430x/mmpy-16/crt0ivtbl64.o
                0x0000000000004478                __isr_37
                0x0000000000004478                __isr_47
                0x0000000000004478                __isr_51
                0x0000000000004478                __isr_24
                0x0000000000004478                __isr_33
                0x0000000000004478                __isr_19
                0x0000000000004478                __isr_29
                0x0000000000004478                __isr_23
                0x0000000000004478                __isr_32
                0x0000000000004478                __isr_42
                0x0000000000004478                __isr_49
                0x0000000000004478                __isr_16
                0x0000000000004478                __isr_59
                0x0000000000004478                __isr_39
                0x0000000000004478                __isr_26
                0x0000000000004478                __isr_53
                0x0000000000004478                __isr_41
                0x0000000000004478                __isr_60
                0x0000000000004478                __isr_25
                0x0000000000004478                __isr_36
                0x0000000000004478                __isr_34
                0x0000000000004478                __isr_44
                0x0000000000004478                __isr_28
                0x0000000000004478                __isr_20
                0x0000000000004478                __isr_61
                0x0000000000004478                __isr_48
                0x0000000000004478                __isr_18
                0x0000000000004478                __isr_43
                0x0000000000004478                __isr_50
                0x0000000000004478                __isr_27
                0x0000000000004478                __isr_38
                0x0000000000004478                __isr_35
                0x0000000000004478                __isr_30
                0x0000000000004478                __isr_22
                0x0000000000004478                __isr_31
                0x0000000000004478                __isr_58
                0x0000000000004478                __isr_17
                0x0000000000004478                __isr_21
                0x0000000000004478                __isr_62
                0x0000000000004478                __isr_52
                0x0000000000004478                __isr_40
 .text._ZN20SatCommandsSingleton18clearCommandBufferEv.constprop.7
                0x000000000000447c       0x12 ./Satellitt Design ADCS.o
 .text._ZN18SatSensorSingelton10getMagDataERiS0_S0_
                0x000000000000448e       0xa0 ./Satellitt Design ADCS.o
                0x000000000000448e                _ZN18SatSensorSingelton10getMagDataERiS0_S0_
 .text._ZN25SatReactionWheelSingleton13setMotorSpeedEi
                0x000000000000452e       0x90 ./Satellitt Design ADCS.o
                0x000000000000452e                _ZN25SatReactionWheelSingleton13setMotorSpeedEi
 .text._ZN21SatTelemetrySingleton11recieveDataEPi
                0x00000000000045be       0xba ./Satellitt Design ADCS.o
                0x00000000000045be                _ZN21SatTelemetrySingleton11recieveDataEPi
 .text._ZN20SatCommandsSingleton12calibrateMagEv
                0x0000000000004678      0x286 ./Satellitt Design ADCS.o
                0x0000000000004678                _ZN20SatCommandsSingleton12calibrateMagEv
 .text.setup    0x00000000000048fe       0x90 ./Satellitt Design ADCS.o
                0x00000000000048fe                setup
 .text.loop     0x000000000000498e      0x600 ./Satellitt Design ADCS.o
                0x000000000000498e                loop
 .text.startup._GLOBAL__sub_I_SatCommand
                0x0000000000004f8e       0xc0 ./Satellitt Design ADCS.o
 .text._ZN7TwoWire9availableEv
                0x000000000000504e        0xc /home/sew/workspace_v10/msp430_MSP-EXP430F5529LP_Wire/Debug/libmsp430_MSP-EXP430F5529LP_Wire.a(Wire.o)
                0x000000000000504e                _ZN7TwoWire9availableEv
 .text._ZN7TwoWire4readEv
                0x000000000000505a       0x1c /home/sew/workspace_v10/msp430_MSP-EXP430F5529LP_Wire/Debug/libmsp430_MSP-EXP430F5529LP_Wire.a(Wire.o)
                0x000000000000505a                _ZN7TwoWire4readEv
 .text._ZN7TwoWire4peekEv
                0x0000000000005076       0x16 /home/sew/workspace_v10/msp430_MSP-EXP430F5529LP_Wire/Debug/libmsp430_MSP-EXP430F5529LP_Wire.a(Wire.o)
                0x0000000000005076                _ZN7TwoWire4peekEv
 .text._ZN7TwoWire5flushEv
                0x000000000000508c        0x2 /home/sew/workspace_v10/msp430_MSP-EXP430F5529LP_Wire/Debug/libmsp430_MSP-EXP430F5529LP_Wire.a(Wire.o)
                0x000000000000508c                _ZN7TwoWire5flushEv
 .text._ZN7TwoWire5writeEPKhj
                0x000000000000508e       0x36 /home/sew/workspace_v10/msp430_MSP-EXP430F5529LP_Wire/Debug/libmsp430_MSP-EXP430F5529LP_Wire.a(Wire.o)
                0x000000000000508e                _ZN7TwoWire5writeEPKhj
 .text._ZN7TwoWire5writeEh
                0x00000000000050c4       0x42 /home/sew/workspace_v10/msp430_MSP-EXP430F5529LP_Wire/Debug/libmsp430_MSP-EXP430F5529LP_Wire.a(Wire.o)
                0x00000000000050c4                _ZN7TwoWire5writeEh
 .text._ZN7TwoWireC2Ev
                0x0000000000005106       0x16 /home/sew/workspace_v10/msp430_MSP-EXP430F5529LP_Wire/Debug/libmsp430_MSP-EXP430F5529LP_Wire.a(Wire.o)
                0x0000000000005106                _ZN7TwoWireC2Ev
                0x0000000000005106                _ZN7TwoWireC1Ev
 .text._ZN7TwoWire5beginEv
                0x000000000000511c       0x16 /home/sew/workspace_v10/msp430_MSP-EXP430F5529LP_Wire/Debug/libmsp430_MSP-EXP430F5529LP_Wire.a(Wire.o)
                0x000000000000511c                _ZN7TwoWire5beginEv
 .text._ZN7TwoWire11requestFromEhhh
                0x0000000000005132       0x1e /home/sew/workspace_v10/msp430_MSP-EXP430F5529LP_Wire/Debug/libmsp430_MSP-EXP430F5529LP_Wire.a(Wire.o)
                0x0000000000005132                _ZN7TwoWire11requestFromEhhh
 .text._ZN7TwoWire11requestFromEii
                0x0000000000005150        0x8 /home/sew/workspace_v10/msp430_MSP-EXP430F5529LP_Wire/Debug/libmsp430_MSP-EXP430F5529LP_Wire.a(Wire.o)
                0x0000000000005150                _ZN7TwoWire11requestFromEii
 .text._ZN7TwoWire17beginTransmissionEh
                0x0000000000005158       0x12 /home/sew/workspace_v10/msp430_MSP-EXP430F5529LP_Wire/Debug/libmsp430_MSP-EXP430F5529LP_Wire.a(Wire.o)
                0x0000000000005158                _ZN7TwoWire17beginTransmissionEh
 .text._ZN7TwoWire17beginTransmissionEi
                0x000000000000516a        0x6 /home/sew/workspace_v10/msp430_MSP-EXP430F5529LP_Wire/Debug/libmsp430_MSP-EXP430F5529LP_Wire.a(Wire.o)
                0x000000000000516a                _ZN7TwoWire17beginTransmissionEi
 .text._ZN7TwoWire15endTransmissionEh
                0x0000000000005170       0x24 /home/sew/workspace_v10/msp430_MSP-EXP430F5529LP_Wire/Debug/libmsp430_MSP-EXP430F5529LP_Wire.a(Wire.o)
                0x0000000000005170                _ZN7TwoWire15endTransmissionEh
 .text._ZN7TwoWire15endTransmissionEv
                0x0000000000005194        0x8 /home/sew/workspace_v10/msp430_MSP-EXP430F5529LP_Wire/Debug/libmsp430_MSP-EXP430F5529LP_Wire.a(Wire.o)
                0x0000000000005194                _ZN7TwoWire15endTransmissionEv
 .text.startup._GLOBAL__sub_I__ZN7TwoWire8rxBufferE
                0x000000000000519c        0xa /home/sew/workspace_v10/msp430_MSP-EXP430F5529LP_Wire/Debug/libmsp430_MSP-EXP430F5529LP_Wire.a(Wire.o)
 .text.twi_setClock
                0x00000000000051a6       0x78 /home/sew/workspace_v10/msp430_MSP-EXP430F5529LP_Wire/Debug/libmsp430_MSP-EXP430F5529LP_Wire.a(twi.o)
                0x00000000000051a6                twi_setClock
 .text.twi_init
                0x000000000000521e      0x102 /home/sew/workspace_v10/msp430_MSP-EXP430F5529LP_Wire/Debug/libmsp430_MSP-EXP430F5529LP_Wire.a(twi.o)
                0x000000000000521e                twi_init
 .text.twi_readFrom
                0x0000000000005320       0xc4 /home/sew/workspace_v10/msp430_MSP-EXP430F5529LP_Wire/Debug/libmsp430_MSP-EXP430F5529LP_Wire.a(twi.o)
                0x0000000000005320                twi_readFrom
 .text.twi_writeTo
                0x00000000000053e4       0xba /home/sew/workspace_v10/msp430_MSP-EXP430F5529LP_Wire/Debug/libmsp430_MSP-EXP430F5529LP_Wire.a(twi.o)
                0x00000000000053e4                twi_writeTo
 .text.twi_transmit
                0x000000000000549e       0x28 /home/sew/workspace_v10/msp430_MSP-EXP430F5529LP_Wire/Debug/libmsp430_MSP-EXP430F5529LP_Wire.a(twi.o)
                0x000000000000549e                twi_transmit
 .text.i2c_txrx_isr
                0x00000000000054c6      0x104 /home/sew/workspace_v10/msp430_MSP-EXP430F5529LP_Wire/Debug/libmsp430_MSP-EXP430F5529LP_Wire.a(twi.o)
                0x00000000000054c6                i2c_txrx_isr
 .text.i2c_state_isr
                0x00000000000055ca       0xc6 /home/sew/workspace_v10/msp430_MSP-EXP430F5529LP_Wire/Debug/libmsp430_MSP-EXP430F5529LP_Wire.a(twi.o)
                0x00000000000055ca                i2c_state_isr
 .text.usci_isr_install
                0x0000000000005690        0x2 /home/sew/workspace_v10/msp430_MSP-EXP430F5529LP_core/Debug/libmsp430_MSP-EXP430F5529LP_core.a(usci_isr_handler.o)
                0x0000000000005690                usci_isr_install
 .text.spi_rx_isr
                0x0000000000005692        0x2 /home/sew/workspace_v10/msp430_MSP-EXP430F5529LP_core/Debug/libmsp430_MSP-EXP430F5529LP_core.a(usci_isr_handler.o)
                0x0000000000005692                spi_rx_isr
 .text.spi_tx_isr
                0x0000000000005694        0x2 /home/sew/workspace_v10/msp430_MSP-EXP430F5529LP_core/Debug/libmsp430_MSP-EXP430F5529LP_core.a(usci_isr_handler.o)
                0x0000000000005694                spi_tx_isr
 .text.USCIA0_ISR
                0x0000000000005696       0x38 /home/sew/workspace_v10/msp430_MSP-EXP430F5529LP_core/Debug/libmsp430_MSP-EXP430F5529LP_core.a(usci_isr_handler.o)
                0x0000000000005696                USCIA0_ISR
                0x0000000000005696                __isr_56
 .text.USCIA1_ISR
                0x00000000000056ce       0x64 /home/sew/workspace_v10/msp430_MSP-EXP430F5529LP_core/Debug/libmsp430_MSP-EXP430F5529LP_core.a(usci_isr_handler.o)
                0x00000000000056ce                __isr_46
                0x00000000000056ce                USCIA1_ISR
 .text.USCIB0_ISR
                0x0000000000005732       0x54 /home/sew/workspace_v10/msp430_MSP-EXP430F5529LP_core/Debug/libmsp430_MSP-EXP430F5529LP_core.a(usci_isr_handler.o)
                0x0000000000005732                __isr_55
                0x0000000000005732                USCIB0_ISR
 .text.USCIB1_ISR
                0x0000000000005786       0x54 /home/sew/workspace_v10/msp430_MSP-EXP430F5529LP_core/Debug/libmsp430_MSP-EXP430F5529LP_core.a(usci_isr_handler.o)
                0x0000000000005786                USCIB1_ISR
                0x0000000000005786                __isr_45
 .text.enableXtal
                0x00000000000057da       0x4a /home/sew/workspace_v10/msp430_MSP-EXP430F5529LP_core/Debug/libmsp430_MSP-EXP430F5529LP_core.a(wiring.o)
                0x00000000000057da                enableXtal
 .text.enableWatchDogIntervalMode
                0x0000000000005824        0xc /home/sew/workspace_v10/msp430_MSP-EXP430F5529LP_core/Debug/libmsp430_MSP-EXP430F5529LP_core.a(wiring.o)
                0x0000000000005824                enableWatchDogIntervalMode
 .text.initClocks
                0x0000000000005830       0xee /home/sew/workspace_v10/msp430_MSP-EXP430F5529LP_core/Debug/libmsp430_MSP-EXP430F5529LP_core.a(wiring.o)
                0x0000000000005830                initClocks
 .text.init     0x000000000000591e       0x24 /home/sew/workspace_v10/msp430_MSP-EXP430F5529LP_core/Debug/libmsp430_MSP-EXP430F5529LP_core.a(wiring.o)
                0x000000000000591e                init
 .text.micros   0x0000000000005942       0x34 /home/sew/workspace_v10/msp430_MSP-EXP430F5529LP_core/Debug/libmsp430_MSP-EXP430F5529LP_core.a(wiring.o)
                0x0000000000005942                micros
 .text.millis   0x0000000000005976       0x12 /home/sew/workspace_v10/msp430_MSP-EXP430F5529LP_core/Debug/libmsp430_MSP-EXP430F5529LP_core.a(wiring.o)
                0x0000000000005976                millis
 .text.delay    0x0000000000005988       0x3c /home/sew/workspace_v10/msp430_MSP-EXP430F5529LP_core/Debug/libmsp430_MSP-EXP430F5529LP_core.a(wiring.o)
                0x0000000000005988                delay
 .text.watchdog_isr
                0x00000000000059c4       0x72 /home/sew/workspace_v10/msp430_MSP-EXP430F5529LP_core/Debug/libmsp430_MSP-EXP430F5529LP_core.a(wiring.o)
                0x00000000000059c4                __isr_57
                0x00000000000059c4                watchdog_isr
 .text.analogWrite
                0x0000000000005a36      0x4b6 /home/sew/workspace_v10/msp430_MSP-EXP430F5529LP_core/Debug/libmsp430_MSP-EXP430F5529LP_core.a(wiring_analog.o)
                0x0000000000005a36                analogWrite
 .text.ADC12_ISR
                0x0000000000005eec       0x14 /home/sew/workspace_v10/msp430_MSP-EXP430F5529LP_core/Debug/libmsp430_MSP-EXP430F5529LP_core.a(wiring_analog.o)
                0x0000000000005eec                __isr_54
                0x0000000000005eec                ADC12_ISR
 .text.pinMode  0x0000000000005f00       0x6e /home/sew/workspace_v10/msp430_MSP-EXP430F5529LP_core/Debug/libmsp430_MSP-EXP430F5529LP_core.a(wiring_digital.o)
                0x0000000000005f00                pinMode
 .text.pinMode_int
                0x0000000000005f6e       0xf6 /home/sew/workspace_v10/msp430_MSP-EXP430F5529LP_core/Debug/libmsp430_MSP-EXP430F5529LP_core.a(wiring_digital.o)
                0x0000000000005f6e                pinMode_int
 .text.digitalRead
                0x0000000000006064       0x2e /home/sew/workspace_v10/msp430_MSP-EXP430F5529LP_core/Debug/libmsp430_MSP-EXP430F5529LP_core.a(wiring_digital.o)
                0x0000000000006064                digitalRead
 .text.digitalWrite
                0x0000000000006092       0x3e /home/sew/workspace_v10/msp430_MSP-EXP430F5529LP_core/Debug/libmsp430_MSP-EXP430F5529LP_core.a(wiring_digital.o)
                0x0000000000006092                digitalWrite
 .text._ZN14HardwareSerial9availableEv
                0x00000000000060d0       0x12 /home/sew/workspace_v10/msp430_MSP-EXP430F5529LP_core/Debug/libmsp430_MSP-EXP430F5529LP_core.a(HardwareSerial.o)
                0x00000000000060d0                _ZN14HardwareSerial9availableEv
 .text._ZN14HardwareSerial4peekEv
                0x00000000000060e2       0x1e /home/sew/workspace_v10/msp430_MSP-EXP430F5529LP_core/Debug/libmsp430_MSP-EXP430F5529LP_core.a(HardwareSerial.o)
                0x00000000000060e2                _ZN14HardwareSerial4peekEv
 .text._ZN14HardwareSerial4readEv
                0x0000000000006100       0x2c /home/sew/workspace_v10/msp430_MSP-EXP430F5529LP_core/Debug/libmsp430_MSP-EXP430F5529LP_core.a(HardwareSerial.o)
                0x0000000000006100                _ZN14HardwareSerial4readEv
 .text._ZN14HardwareSerial5flushEv
                0x000000000000612c       0x12 /home/sew/workspace_v10/msp430_MSP-EXP430F5529LP_core/Debug/libmsp430_MSP-EXP430F5529LP_core.a(HardwareSerial.o)
                0x000000000000612c                _ZN14HardwareSerial5flushEv
 .text._ZN14HardwareSerial5writeEh
                0x000000000000613e       0x3c /home/sew/workspace_v10/msp430_MSP-EXP430F5529LP_core/Debug/libmsp430_MSP-EXP430F5529LP_core.a(HardwareSerial.o)
                0x000000000000613e                _ZN14HardwareSerial5writeEh
 .text._Z11serialEventv
                0x000000000000617a        0x2 /home/sew/workspace_v10/msp430_MSP-EXP430F5529LP_core/Debug/libmsp430_MSP-EXP430F5529LP_core.a(HardwareSerial.o)
                0x000000000000617a                _Z11serialEventv
 .text._Z12serialEvent1v
                0x000000000000617c        0x2 /home/sew/workspace_v10/msp430_MSP-EXP430F5529LP_core/Debug/libmsp430_MSP-EXP430F5529LP_core.a(HardwareSerial.o)
                0x000000000000617c                _Z12serialEvent1v
 .text._Z14serialEventRunv
                0x000000000000617e       0x22 /home/sew/workspace_v10/msp430_MSP-EXP430F5529LP_core/Debug/libmsp430_MSP-EXP430F5529LP_core.a(HardwareSerial.o)
                0x000000000000617e                _Z14serialEventRunv
 .text._ZN14HardwareSerial5beginEmh
                0x00000000000061a0      0x12e /home/sew/workspace_v10/msp430_MSP-EXP430F5529LP_core/Debug/libmsp430_MSP-EXP430F5529LP_core.a(HardwareSerial.o)
                0x00000000000061a0                _ZN14HardwareSerial5beginEmh
 .text.uart_rx_isr
                0x00000000000062ce       0x38 /home/sew/workspace_v10/msp430_MSP-EXP430F5529LP_core/Debug/libmsp430_MSP-EXP430F5529LP_core.a(HardwareSerial.o)
                0x00000000000062ce                uart_rx_isr
 .text.uart_tx_isr
                0x0000000000006306       0x52 /home/sew/workspace_v10/msp430_MSP-EXP430F5529LP_core/Debug/libmsp430_MSP-EXP430F5529LP_core.a(HardwareSerial.o)
                0x0000000000006306                uart_tx_isr
 .text.startup._GLOBAL__sub_I_rx_buffer
                0x0000000000006358       0x8a /home/sew/workspace_v10/msp430_MSP-EXP430F5529LP_core/Debug/libmsp430_MSP-EXP430F5529LP_core.a(HardwareSerial.o)
 .text._ZN5Print5writeEPKhj
                0x00000000000063e2       0x22 /home/sew/workspace_v10/msp430_MSP-EXP430F5529LP_core/Debug/libmsp430_MSP-EXP430F5529LP_core.a(Print.o)
                0x00000000000063e2                _ZN5Print5writeEPKhj
 .text._ZN5Print5printERK6String
                0x0000000000006404       0x2e /home/sew/workspace_v10/msp430_MSP-EXP430F5529LP_core/Debug/libmsp430_MSP-EXP430F5529LP_core.a(Print.o)
                0x0000000000006404                _ZN5Print5printERK6String
 .text._ZN5Print5printEPKc
                0x0000000000006432       0x16 /home/sew/workspace_v10/msp430_MSP-EXP430F5529LP_core/Debug/libmsp430_MSP-EXP430F5529LP_core.a(Print.o)
                0x0000000000006432                _ZN5Print5printEPKc
 .text._ZN5Print5printEc
                0x0000000000006448        0x6 /home/sew/workspace_v10/msp430_MSP-EXP430F5529LP_core/Debug/libmsp430_MSP-EXP430F5529LP_core.a(Print.o)
                0x0000000000006448                _ZN5Print5printEc
 .text._ZN5Print7printlnEv
                0x000000000000644e       0x1e /home/sew/workspace_v10/msp430_MSP-EXP430F5529LP_core/Debug/libmsp430_MSP-EXP430F5529LP_core.a(Print.o)
                0x000000000000644e                _ZN5Print7printlnEv
 .text._ZN5Print7printlnERK6String
                0x000000000000646c       0x16 /home/sew/workspace_v10/msp430_MSP-EXP430F5529LP_core/Debug/libmsp430_MSP-EXP430F5529LP_core.a(Print.o)
                0x000000000000646c                _ZN5Print7printlnERK6String
 .text._ZN5Print7printlnEPKc
                0x0000000000006482       0x16 /home/sew/workspace_v10/msp430_MSP-EXP430F5529LP_core/Debug/libmsp430_MSP-EXP430F5529LP_core.a(Print.o)
                0x0000000000006482                _ZN5Print7printlnEPKc
 .text._ZN5Print11printNumberEmh
                0x0000000000006498       0x8a /home/sew/workspace_v10/msp430_MSP-EXP430F5529LP_core/Debug/libmsp430_MSP-EXP430F5529LP_core.a(Print.o)
                0x0000000000006498                _ZN5Print11printNumberEmh
 .text._ZN5Print5printEmi
                0x0000000000006522       0x1c /home/sew/workspace_v10/msp430_MSP-EXP430F5529LP_core/Debug/libmsp430_MSP-EXP430F5529LP_core.a(Print.o)
                0x0000000000006522                _ZN5Print5printEmi
 .text._ZN5Print5printEli
                0x000000000000653e       0x50 /home/sew/workspace_v10/msp430_MSP-EXP430F5529LP_core/Debug/libmsp430_MSP-EXP430F5529LP_core.a(Print.o)
                0x000000000000653e                _ZN5Print5printEli
 .text._ZN5Print5printEii
                0x000000000000658e       0x18 /home/sew/workspace_v10/msp430_MSP-EXP430F5529LP_core/Debug/libmsp430_MSP-EXP430F5529LP_core.a(Print.o)
                0x000000000000658e                _ZN5Print5printEii
 .text._ZN5Print7printlnEii
                0x00000000000065a6       0x16 /home/sew/workspace_v10/msp430_MSP-EXP430F5529LP_core/Debug/libmsp430_MSP-EXP430F5529LP_core.a(Print.o)
                0x00000000000065a6                _ZN5Print7printlnEii
 .text._ZN5Print10printFloatEdh
                0x00000000000065bc       0xf2 /home/sew/workspace_v10/msp430_MSP-EXP430F5529LP_core/Debug/libmsp430_MSP-EXP430F5529LP_core.a(Print.o)
                0x00000000000065bc                _ZN5Print10printFloatEdh
 .text._ZN5Print7printlnEdi
                0x00000000000066ae       0x16 /home/sew/workspace_v10/msp430_MSP-EXP430F5529LP_core/Debug/libmsp430_MSP-EXP430F5529LP_core.a(Print.o)
                0x00000000000066ae                _ZN5Print7printlnEdi
 .text._ZN6StringD2Ev
                0x00000000000066c4        0x8 /home/sew/workspace_v10/msp430_MSP-EXP430F5529LP_core/Debug/libmsp430_MSP-EXP430F5529LP_core.a(WString.o)
                0x00000000000066c4                _ZN6StringD1Ev
                0x00000000000066c4                _ZN6StringD2Ev
 .text._ZN6String10invalidateEv
                0x00000000000066cc       0x1e /home/sew/workspace_v10/msp430_MSP-EXP430F5529LP_core/Debug/libmsp430_MSP-EXP430F5529LP_core.a(WString.o)
                0x00000000000066cc                _ZN6String10invalidateEv
 .text._ZN6String12changeBufferEj
                0x00000000000066ea       0x36 /home/sew/workspace_v10/msp430_MSP-EXP430F5529LP_core/Debug/libmsp430_MSP-EXP430F5529LP_core.a(WString.o)
                0x00000000000066ea                _ZN6String12changeBufferEj
 .text._ZN6String7reserveEj
                0x0000000000006720       0x32 /home/sew/workspace_v10/msp430_MSP-EXP430F5529LP_core/Debug/libmsp430_MSP-EXP430F5529LP_core.a(WString.o)
                0x0000000000006720                _ZN6String7reserveEj
 .text._ZN6String4copyEPKcj
                0x0000000000006752       0x2c /home/sew/workspace_v10/msp430_MSP-EXP430F5529LP_core/Debug/libmsp430_MSP-EXP430F5529LP_core.a(WString.o)
                0x0000000000006752                _ZN6String4copyEPKcj
 .text._ZN6StringC2EPKc
                0x000000000000677e       0x24 /home/sew/workspace_v10/msp430_MSP-EXP430F5529LP_core/Debug/libmsp430_MSP-EXP430F5529LP_core.a(WString.o)
                0x000000000000677e                _ZN6StringC1EPKc
                0x000000000000677e                _ZN6StringC2EPKc
 .text._ZN6StringaSEPKc
                0x00000000000067a2       0x28 /home/sew/workspace_v10/msp430_MSP-EXP430F5529LP_core/Debug/libmsp430_MSP-EXP430F5529LP_core.a(WString.o)
                0x00000000000067a2                _ZN6StringaSEPKc
 .text._ZN6StringC2Edh
                0x00000000000067ca       0x42 /home/sew/workspace_v10/msp430_MSP-EXP430F5529LP_core/Debug/libmsp430_MSP-EXP430F5529LP_core.a(WString.o)
                0x00000000000067ca                _ZN6StringC2Edh
                0x00000000000067ca                _ZN6StringC1Edh
 .text._ZN6StringC2Efh
                0x000000000000680c       0x42 /home/sew/workspace_v10/msp430_MSP-EXP430F5529LP_core/Debug/libmsp430_MSP-EXP430F5529LP_core.a(WString.o)
                0x000000000000680c                _ZN6StringC1Efh
                0x000000000000680c                _ZN6StringC2Efh
 .text._ZN6StringC2Eih
                0x000000000000684e       0x2e /home/sew/workspace_v10/msp430_MSP-EXP430F5529LP_core/Debug/libmsp430_MSP-EXP430F5529LP_core.a(WString.o)
                0x000000000000684e                _ZN6StringC1Eih
                0x000000000000684e                _ZN6StringC2Eih
 .text._ZN6String6concatEPKcj
                0x000000000000687c       0x38 /home/sew/workspace_v10/msp430_MSP-EXP430F5529LP_core/Debug/libmsp430_MSP-EXP430F5529LP_core.a(WString.o)
                0x000000000000687c                _ZN6String6concatEPKcj
 .text._ZplRK15StringSumHelperRK6String
                0x00000000000068b4       0x1e /home/sew/workspace_v10/msp430_MSP-EXP430F5529LP_core/Debug/libmsp430_MSP-EXP430F5529LP_core.a(WString.o)
                0x00000000000068b4                _ZplRK15StringSumHelperRK6String
 .text._ZplRK15StringSumHelperPKc
                0x00000000000068d2       0x2c /home/sew/workspace_v10/msp430_MSP-EXP430F5529LP_core/Debug/libmsp430_MSP-EXP430F5529LP_core.a(WString.o)
                0x00000000000068d2                _ZplRK15StringSumHelperPKc
 .text._ZNK6StringixEj
                0x00000000000068fe       0x1a /home/sew/workspace_v10/msp430_MSP-EXP430F5529LP_core/Debug/libmsp430_MSP-EXP430F5529LP_core.a(WString.o)
                0x00000000000068fe                _ZNK6StringixEj
 .text.dtostrf  0x0000000000006918       0xac /home/sew/workspace_v10/msp430_MSP-EXP430F5529LP_core/Debug/libmsp430_MSP-EXP430F5529LP_core.a(dtostrf.o)
                0x0000000000006918                dtostrf
 .text.ltoa     0x00000000000069c4       0xc2 /home/sew/workspace_v10/msp430_MSP-EXP430F5529LP_core/Debug/libmsp430_MSP-EXP430F5529LP_core.a(itoa.o)
                0x00000000000069c4                ltoa
 .text.itoa     0x0000000000006a86       0x1a /home/sew/workspace_v10/msp430_MSP-EXP430F5529LP_core/Debug/libmsp430_MSP-EXP430F5529LP_core.a(itoa.o)
                0x0000000000006a86                itoa
 .text          0x0000000000006aa0      0x274 /home/sew/Documents/energia-1.8.10E23/hardware/tools/msp430/bin/../lib/gcc/msp430/4.6.3/../../../../msp430/lib/mcpu-430x/mmpy-16/libm.a(ef_atan2.o)
                0x0000000000006aa0                __ieee754_atan2f
                0x0000000000006d08                atan2f
                0x0000000000006d0e                atan2
 .text          0x0000000000006d14      0x33c /home/sew/Documents/energia-1.8.10E23/hardware/tools/msp430/bin/../lib/gcc/msp430/4.6.3/../../../../msp430/lib/mcpu-430x/mmpy-16/libm.a(sf_atan.o)
                0x0000000000006d14                atanf
                0x000000000000704a                atan
 .text          0x0000000000007050      0xd58 /home/sew/Documents/energia-1.8.10E23/hardware/tools/msp430/bin/../lib/gcc/msp430/4.6.3/../../../../msp430/lib/mcpu-430x/mmpy-16/libm.a(ef_pow.o)
                0x0000000000007050                __ieee754_powf
                0x0000000000007da2                powf
 .text          0x0000000000007da8      0x178 /home/sew/Documents/energia-1.8.10E23/hardware/tools/msp430/bin/../lib/gcc/msp430/4.6.3/../../../../msp430/lib/mcpu-430x/mmpy-16/libm.a(sf_scalbn.o)
                0x0000000000007da8                scalbnf
                0x0000000000007f1a                scalbn
 .text          0x0000000000007f20      0x152 /home/sew/Documents/energia-1.8.10E23/hardware/tools/msp430/bin/../lib/gcc/msp430/4.6.3/../../../../msp430/lib/mcpu-430x/mmpy-16/libm.a(ef_sqrt.o)
                0x0000000000007f20                __ieee754_sqrtf
                0x0000000000008066                sqrtf
                0x000000000000806c                sqrt
 .text.libgcc   0x0000000000008072       0x22 /home/sew/Documents/energia-1.8.10E23/hardware/tools/msp430/bin/../lib/gcc/msp430/4.6.3/mcpu-430x/mmpy-16/libgcc.a(_udivmod16.o)
                0x0000000000008072                __udivhi3
                0x0000000000008072                __ext_udivmod16
                0x000000000000808c                __umodhi3
 .text.libgcc   0x0000000000008094       0x38 /home/sew/Documents/energia-1.8.10E23/hardware/tools/msp430/bin/../lib/gcc/msp430/4.6.3/mcpu-430x/mmpy-16/libgcc.a(_udivmod32.o)
                0x0000000000008094                __udivsi3
                0x0000000000008094                __ext_udivmod32
                0x00000000000080c2                __umodsi3
 .text          0x00000000000080cc       0x3c /home/sew/Documents/energia-1.8.10E23/hardware/tools/msp430/bin/../lib/gcc/msp430/4.6.3/mcpu-430x/mmpy-16/libgcc.a(_fixunssfsi.o)
                0x00000000000080cc                __fixunssfsi
 .text          0x0000000000008108      0x318 /home/sew/Documents/energia-1.8.10E23/hardware/tools/msp430/bin/../lib/gcc/msp430/4.6.3/mcpu-430x/mmpy-16/libgcc.a(_addsub_sf.o)
                0x0000000000008384                __addsf3
                0x00000000000083d0                __subsf3
 .text          0x0000000000008420      0x21e /home/sew/Documents/energia-1.8.10E23/hardware/tools/msp430/bin/../lib/gcc/msp430/4.6.3/mcpu-430x/mmpy-16/libgcc.a(_mul_sf.o)
                0x0000000000008420                __mulsf3
 .text          0x000000000000863e      0x14a /home/sew/Documents/energia-1.8.10E23/hardware/tools/msp430/bin/../lib/gcc/msp430/4.6.3/mcpu-430x/mmpy-16/libgcc.a(_div_sf.o)
                0x000000000000863e                __divsf3
 .text          0x0000000000008788       0x50 /home/sew/Documents/energia-1.8.10E23/hardware/tools/msp430/bin/../lib/gcc/msp430/4.6.3/mcpu-430x/mmpy-16/libgcc.a(_gt_sf.o)
                0x0000000000008788                __gtsf2
 .text          0x00000000000087d8       0x50 /home/sew/Documents/energia-1.8.10E23/hardware/tools/msp430/bin/../lib/gcc/msp430/4.6.3/mcpu-430x/mmpy-16/libgcc.a(_ge_sf.o)
                0x00000000000087d8                __gesf2
 .text          0x0000000000008828       0x50 /home/sew/Documents/energia-1.8.10E23/hardware/tools/msp430/bin/../lib/gcc/msp430/4.6.3/mcpu-430x/mmpy-16/libgcc.a(_lt_sf.o)
                0x0000000000008828                __ltsf2
 .text          0x0000000000008878       0x50 /home/sew/Documents/energia-1.8.10E23/hardware/tools/msp430/bin/../lib/gcc/msp430/4.6.3/mcpu-430x/mmpy-16/libgcc.a(_le_sf.o)
                0x0000000000008878                __lesf2
 .text          0x00000000000088c8       0xa2 /home/sew/Documents/energia-1.8.10E23/hardware/tools/msp430/bin/../lib/gcc/msp430/4.6.3/mcpu-430x/mmpy-16/libgcc.a(_si_to_sf.o)
                0x00000000000088c8                __floatsisf
 .text          0x000000000000896a       0x90 /home/sew/Documents/energia-1.8.10E23/hardware/tools/msp430/bin/../lib/gcc/msp430/4.6.3/mcpu-430x/mmpy-16/libgcc.a(_sf_to_si.o)
                0x000000000000896a                __fixsfsi
 .text          0x00000000000089fa       0xe0 /home/sew/Documents/energia-1.8.10E23/hardware/tools/msp430/bin/../lib/gcc/msp430/4.6.3/mcpu-430x/mmpy-16/libgcc.a(_usi_to_sf.o)
                0x00000000000089fa                __floatunsisf
 .text          0x0000000000008ada       0x6a /home/sew/Documents/energia-1.8.10E23/hardware/tools/msp430/bin/../lib/gcc/msp430/4.6.3/mcpu-430x/mmpy-16/libgcc.a(_clzsi2.o)
                0x0000000000008ada                __clzsi2
 .text          0x0000000000008b44      0x1c6 /home/sew/Documents/energia-1.8.10E23/hardware/tools/msp430/bin/../lib/gcc/msp430/4.6.3/mcpu-430x/mmpy-16/libgcc.a(_pack_sf.o)
                0x0000000000008b44                __pack_f
 .text          0x0000000000008d0a      0x10c /home/sew/Documents/energia-1.8.10E23/hardware/tools/msp430/bin/../lib/gcc/msp430/4.6.3/mcpu-430x/mmpy-16/libgcc.a(_unpack_sf.o)
                0x0000000000008d0a                __unpack_f
 .text          0x0000000000008e16       0xa4 /home/sew/Documents/energia-1.8.10E23/hardware/tools/msp430/bin/../lib/gcc/msp430/4.6.3/mcpu-430x/mmpy-16/libgcc.a(_fpcmp_parts_sf.o)
                0x0000000000008e16                __fpcmp_parts_f
 .text          0x0000000000008eba       0x14 /home/sew/Documents/energia-1.8.10E23/hardware/tools/msp430/bin/../lib/gcc/msp430/4.6.3/../../../../msp430/lib/mcpu-430x/mmpy-16/libc.a(strcpy.o)
                0x0000000000008eba                strcpy
 .text          0x0000000000008ece       0x2a /home/sew/Documents/energia-1.8.10E23/hardware/tools/msp430/bin/../lib/gcc/msp430/4.6.3/../../../../msp430/lib/mcpu-430x/mmpy-16/libc.a(strncpy.o)
                0x0000000000008ece                strncpy
 .text          0x0000000000008ef8       0xee /home/sew/Documents/energia-1.8.10E23/hardware/tools/msp430/bin/../lib/gcc/msp430/4.6.3/../../../../msp430/lib/mcpu-430x/mmpy-16/libc.a(malloc.o)
                0x0000000000008ef8                malloc
                0x0000000000008fde                free
 .text          0x0000000000008fe6       0xb8 /home/sew/Documents/energia-1.8.10E23/hardware/tools/msp430/bin/../lib/gcc/msp430/4.6.3/../../../../msp430/lib/mcpu-430x/mmpy-16/libc.a(sprintf.o)
                0x0000000000009040                sprintf
                0x000000000000905c                snprintf
                0x0000000000009076                vsprintf
                0x000000000000908c                vsnprintf
 .text          0x000000000000909e      0x818 /home/sew/Documents/energia-1.8.10E23/hardware/tools/msp430/bin/../lib/gcc/msp430/4.6.3/../../../../msp430/lib/mcpu-430x/mmpy-16/libc.a(vuprintf.o)
                0x000000000000921a                vuprintf
 .text.libgcc   0x00000000000098b6       0xbc /home/sew/Documents/energia-1.8.10E23/hardware/tools/msp430/bin/../lib/gcc/msp430/4.6.3/mcpu-430x/mmpy-16/libgcc.a(_udivmod64.o)
                0x00000000000098b6                __xabi_udivmod64
                0x0000000000009908                __udivdi3
                0x0000000000009922                __umoddi3
                0x0000000000009944                __udivmoddi4
 .text.crt0     0x0000000000009972        0x2 /home/sew/Documents/energia-1.8.10E23/hardware/tools/msp430/bin/../lib/gcc/msp430/4.6.3/mcpu-430x/mmpy-16/libcrt0.a(_unexpected_.o)
                0x0000000000009972                _unexpected_
                0x0000000000009974                . = ALIGN (0x2)

.rodata         0x0000000000009974      0x352
                0x0000000000009974                . = ALIGN (0x2)
 *(.rodata .rodata.* .gnu.linkonce.r.*)
 .rodata._ZN20SatCommandsSingleton12calibrateMagEv
                0x0000000000009974       0x5c ./Satellitt Design ADCS.o
 .rodata.loop   0x00000000000099d0       0x50 ./Satellitt Design ADCS.o
 .rodata._ZTV7TwoWire
                0x0000000000009a20       0x10 /home/sew/workspace_v10/msp430_MSP-EXP430F5529LP_Wire/Debug/libmsp430_MSP-EXP430F5529LP_Wire.a(Wire.o)
                0x0000000000009a20                _ZTV7TwoWire
 .rodata.analogWrite
                0x0000000000009a30       0x34 /home/sew/workspace_v10/msp430_MSP-EXP430F5529LP_core/Debug/libmsp430_MSP-EXP430F5529LP_core.a(wiring_analog.o)
 .rodata.digital_pin_to_bit_mask
                0x0000000000009a64       0x2f /home/sew/workspace_v10/msp430_MSP-EXP430F5529LP_core/Debug/libmsp430_MSP-EXP430F5529LP_core.a(wiring_digital.o)
                0x0000000000009a64                digital_pin_to_bit_mask
 .rodata.digital_pin_to_port
                0x0000000000009a93       0x2f /home/sew/workspace_v10/msp430_MSP-EXP430F5529LP_core/Debug/libmsp430_MSP-EXP430F5529LP_core.a(wiring_digital.o)
                0x0000000000009a93                digital_pin_to_port
 .rodata.digital_pin_to_timer
                0x0000000000009ac2       0x2d /home/sew/workspace_v10/msp430_MSP-EXP430F5529LP_core/Debug/libmsp430_MSP-EXP430F5529LP_core.a(wiring_digital.o)
                0x0000000000009ac2                digital_pin_to_timer
 *fill*         0x0000000000009aef        0x1 00
 .rodata.port_to_pmap
                0x0000000000009af0       0x12 /home/sew/workspace_v10/msp430_MSP-EXP430F5529LP_core/Debug/libmsp430_MSP-EXP430F5529LP_core.a(wiring_digital.o)
                0x0000000000009af0                port_to_pmap
 .rodata.port_to_sel0
                0x0000000000009b02       0x12 /home/sew/workspace_v10/msp430_MSP-EXP430F5529LP_core/Debug/libmsp430_MSP-EXP430F5529LP_core.a(wiring_digital.o)
                0x0000000000009b02                port_to_sel0
 .rodata.port_to_ren
                0x0000000000009b14       0x12 /home/sew/workspace_v10/msp430_MSP-EXP430F5529LP_core/Debug/libmsp430_MSP-EXP430F5529LP_core.a(wiring_digital.o)
                0x0000000000009b14                port_to_ren
 .rodata.port_to_dir
                0x0000000000009b26       0x12 /home/sew/workspace_v10/msp430_MSP-EXP430F5529LP_core/Debug/libmsp430_MSP-EXP430F5529LP_core.a(wiring_digital.o)
                0x0000000000009b26                port_to_dir
 .rodata.port_to_output